Archive member included because of file (symbol)

c:/chibistudio/tools/gnu tools arm embedded/4.9 2015q3/bin/../lib/gcc/arm-none-eabi/4.9.3/../../../../arm-none-eabi/lib/armv7-m\libg.a(lib_a-memcmp.o)
                              C:\Users\ajink\AppData\Local\Temp\cc6TAYIe.ltrans1.ltrans.o (memcmp)
c:/chibistudio/tools/gnu tools arm embedded/4.9 2015q3/bin/../lib/gcc/arm-none-eabi/4.9.3/../../../../arm-none-eabi/lib/armv7-m\libg.a(lib_a-memset.o)
                              C:\Users\ajink\AppData\Local\Temp\cc6TAYIe.ltrans0.ltrans.o (memset)
c:/chibistudio/tools/gnu tools arm embedded/4.9 2015q3/bin/../lib/gcc/arm-none-eabi/4.9.3/../../../../arm-none-eabi/lib/armv7-m\libg.a(lib_a-strcasecmp.o)
                              C:\Users\ajink\AppData\Local\Temp\cc6TAYIe.ltrans1.ltrans.o (strcasecmp)
c:/chibistudio/tools/gnu tools arm embedded/4.9 2015q3/bin/../lib/gcc/arm-none-eabi/4.9.3/../../../../arm-none-eabi/lib/armv7-m\libg.a(lib_a-strpbrk.o)
                              C:\Users\ajink\AppData\Local\Temp\cc6TAYIe.ltrans4.ltrans.o (strpbrk)
c:/chibistudio/tools/gnu tools arm embedded/4.9 2015q3/bin/../lib/gcc/arm-none-eabi/4.9.3/../../../../arm-none-eabi/lib/armv7-m\libg.a(lib_a-strspn.o)
                              C:\Users\ajink\AppData\Local\Temp\cc6TAYIe.ltrans4.ltrans.o (strspn)
c:/chibistudio/tools/gnu tools arm embedded/4.9 2015q3/bin/../lib/gcc/arm-none-eabi/4.9.3/../../../../arm-none-eabi/lib/armv7-m\libg.a(lib_a-ctype_.o)
                              c:/chibistudio/tools/gnu tools arm embedded/4.9 2015q3/bin/../lib/gcc/arm-none-eabi/4.9.3/../../../../arm-none-eabi/lib/armv7-m\libg.a(lib_a-strcasecmp.o) (__ctype_ptr__)

Discarded input sections

 .data          0x00000000        0x0 build/obj/crt0_v7m.o
 .bss           0x00000000        0x0 build/obj/crt0_v7m.o
 .data          0x00000000        0x0 build/obj/chcoreasm_v7m.o
 .bss           0x00000000        0x0 build/obj/chcoreasm_v7m.o
 .text          0x00000000        0x0 build/obj/crt1.o (symbol from plugin)
 .text          0x00000000        0x0 C:\Users\ajink\AppData\Local\Temp\cc6TAYIe.ltrans0.ltrans.o
 .data          0x00000000        0x0 C:\Users\ajink\AppData\Local\Temp\cc6TAYIe.ltrans0.ltrans.o
 .bss           0x00000000        0x0 C:\Users\ajink\AppData\Local\Temp\cc6TAYIe.ltrans0.ltrans.o
 .bss.from_nrf  0x00000000        0x1 C:\Users\ajink\AppData\Local\Temp\cc6TAYIe.ltrans0.ltrans.o
 .text          0x00000000        0x0 C:\Users\ajink\AppData\Local\Temp\cc6TAYIe.ltrans1.ltrans.o
 .data          0x00000000        0x0 C:\Users\ajink\AppData\Local\Temp\cc6TAYIe.ltrans1.ltrans.o
 .bss           0x00000000        0x0 C:\Users\ajink\AppData\Local\Temp\cc6TAYIe.ltrans1.ltrans.o
 .text          0x00000000        0x0 C:\Users\ajink\AppData\Local\Temp\cc6TAYIe.ltrans2.ltrans.o
 .data          0x00000000        0x0 C:\Users\ajink\AppData\Local\Temp\cc6TAYIe.ltrans2.ltrans.o
 .bss           0x00000000        0x0 C:\Users\ajink\AppData\Local\Temp\cc6TAYIe.ltrans2.ltrans.o
 .text          0x00000000        0x0 C:\Users\ajink\AppData\Local\Temp\cc6TAYIe.ltrans3.ltrans.o
 .data          0x00000000        0x0 C:\Users\ajink\AppData\Local\Temp\cc6TAYIe.ltrans3.ltrans.o
 .bss           0x00000000        0x0 C:\Users\ajink\AppData\Local\Temp\cc6TAYIe.ltrans3.ltrans.o
 .text          0x00000000        0x0 C:\Users\ajink\AppData\Local\Temp\cc6TAYIe.ltrans4.ltrans.o
 .data          0x00000000        0x0 C:\Users\ajink\AppData\Local\Temp\cc6TAYIe.ltrans4.ltrans.o
 .bss           0x00000000        0x0 C:\Users\ajink\AppData\Local\Temp\cc6TAYIe.ltrans4.ltrans.o
 .text          0x00000000        0x0 c:/chibistudio/tools/gnu tools arm embedded/4.9 2015q3/bin/../lib/gcc/arm-none-eabi/4.9.3/../../../../arm-none-eabi/lib/armv7-m\libg.a(lib_a-memcmp.o)
 .data          0x00000000        0x0 c:/chibistudio/tools/gnu tools arm embedded/4.9 2015q3/bin/../lib/gcc/arm-none-eabi/4.9.3/../../../../arm-none-eabi/lib/armv7-m\libg.a(lib_a-memcmp.o)
 .bss           0x00000000        0x0 c:/chibistudio/tools/gnu tools arm embedded/4.9 2015q3/bin/../lib/gcc/arm-none-eabi/4.9.3/../../../../arm-none-eabi/lib/armv7-m\libg.a(lib_a-memcmp.o)
 .text          0x00000000        0x0 c:/chibistudio/tools/gnu tools arm embedded/4.9 2015q3/bin/../lib/gcc/arm-none-eabi/4.9.3/../../../../arm-none-eabi/lib/armv7-m\libg.a(lib_a-memset.o)
 .data          0x00000000        0x0 c:/chibistudio/tools/gnu tools arm embedded/4.9 2015q3/bin/../lib/gcc/arm-none-eabi/4.9.3/../../../../arm-none-eabi/lib/armv7-m\libg.a(lib_a-memset.o)
 .bss           0x00000000        0x0 c:/chibistudio/tools/gnu tools arm embedded/4.9 2015q3/bin/../lib/gcc/arm-none-eabi/4.9.3/../../../../arm-none-eabi/lib/armv7-m\libg.a(lib_a-memset.o)
 .text          0x00000000        0x0 c:/chibistudio/tools/gnu tools arm embedded/4.9 2015q3/bin/../lib/gcc/arm-none-eabi/4.9.3/../../../../arm-none-eabi/lib/armv7-m\libg.a(lib_a-strcasecmp.o)
[...]
Memory Configuration

Name             Origin             Length             Attributes
flash            0x08000000         0x00010000
ram0             0x20000000         0x00005000
ram1             0x00000000         0x00000000
ram2             0x00000000         0x00000000
ram3             0x00000000         0x00000000
ram4             0x00000000         0x00000000
ram5             0x00000000         0x00000000
ram6             0x00000000         0x00000000
ram7             0x00000000         0x00000000
*default*        0x00000000         0xffffffff

Linker script and memory map

LOAD build/obj/crt0_v7m.o
LOAD build/obj/chcoreasm_v7m.o
LOAD build/obj/crt1.o
LOAD C:\Users\ajink\AppData\Local\Temp\cc6TAYIe.ltrans0.ltrans.o
LOAD C:\Users\ajink\AppData\Local\Temp\cc6TAYIe.ltrans1.ltrans.o
LOAD C:\Users\ajink\AppData\Local\Temp\cc6TAYIe.ltrans2.ltrans.o
LOAD C:\Users\ajink\AppData\Local\Temp\cc6TAYIe.ltrans3.ltrans.o
LOAD C:\Users\ajink\AppData\Local\Temp\cc6TAYIe.ltrans4.ltrans.o
LOAD c:/chibistudio/tools/gnu tools arm embedded/4.9 2015q3/bin/../lib/gcc/arm-none-eabi/4.9.3/armv7-m\libgcc.a
LOAD c:/chibistudio/tools/gnu tools arm embedded/4.9 2015q3/bin/../lib/gcc/arm-none-eabi/4.9.3/../../../../arm-none-eabi/lib/armv7-m\libg.a
LOAD c:/chibistudio/tools/gnu tools arm embedded/4.9 2015q3/bin/../lib/gcc/arm-none-eabi/4.9.3/../../../../arm-none-eabi/lib/armv7-m\libc.a
LOAD build/obj/vectors.o
LOAD build/obj/chsys.o
LOAD build/obj/chdebug.o
LOAD build/obj/chvt.o
LOAD build/obj/chschd.o
LOAD build/obj/chthreads.o
LOAD build/obj/chtm.o
LOAD build/obj/chdynamic.o
LOAD build/obj/chregistry.o
LOAD build/obj/chsem.o
LOAD build/obj/chmtx.o
LOAD build/obj/chcond.o
LOAD build/obj/chevents.o
LOAD build/obj/chmsg.o
LOAD build/obj/chmboxes.o
LOAD build/obj/chqueues.o
LOAD build/obj/chmemcore.o
LOAD build/obj/chheap.o
LOAD build/obj/chmempools.o
LOAD build/obj/chcore.o
LOAD build/obj/chcore_v7m.o
LOAD build/obj/osal.o
LOAD build/obj/hal.o
LOAD build/obj/st.o
LOAD build/obj/hal_queues.o
LOAD build/obj/hal_mmcsd.o
LOAD build/obj/pal.o
LOAD build/obj/serial_usb.o
LOAD build/obj/spi.o
LOAD build/obj/usb.o
LOAD build/obj/hal_qei.o
LOAD build/obj/nvic.o
LOAD build/obj/stm32_dma.o
LOAD build/obj/hal_lld.o
LOAD build/obj/st_lld.o
LOAD build/obj/pal_lld.o
LOAD build/obj/spi_lld.o
LOAD build/obj/usb_lld.o
LOAD build/obj/hal_qei_lld.o
LOAD build/obj/board.o
LOAD build/obj/shell.o
LOAD build/obj/memstreams.o
LOAD build/obj/chprintf.o
LOAD build/obj/spi_sw.o
LOAD build/obj/rf.o
LOAD build/obj/rfhelp.o
LOAD build/obj/nrf_driver.o
LOAD build/obj/lcd_2x16.o
LOAD build/obj/rotary.o
LOAD build/obj/crc.o
LOAD build/obj/usbcfg.o
LOAD build/obj/main.o
                0x20000000                __ram0_start__ = ORIGIN (ram0)
                0x00005000                __ram0_size__ = 0x5000
                0x20005000                __ram0_end__ = (__ram0_start__ + __ram0_size__)
                0x00000000                __ram1_start__ = ORIGIN (ram1)
                0x00000000                __ram1_size__ = 0x0
                0x00000000                __ram1_end__ = (__ram1_start__ + __ram1_size__)
                0x00000000                __ram2_start__ = ORIGIN (ram2)
                0x00000000                __ram2_size__ = 0x0
                0x00000000                __ram2_end__ = (__ram2_start__ + __ram2_size__)
                0x00000000                __ram3_start__ = ORIGIN (ram3)
                0x00000000                __ram3_size__ = 0x0
                0x00000000                __ram3_end__ = (__ram3_start__ + __ram3_size__)
                0x00000000                __ram4_start__ = ORIGIN (ram4)
                0x00000000                __ram4_size__ = 0x0
                0x00000000                __ram4_end__ = (__ram4_start__ + __ram4_size__)
                0x00000000                __ram5_start__ = ORIGIN (ram5)
                0x00000000                __ram5_size__ = 0x0
                0x00000000                __ram5_end__ = (__ram5_start__ + __ram5_size__)
                0x00000000                __ram6_start__ = ORIGIN (ram6)
                0x00000000                __ram6_size__ = 0x0
                0x00000000                __ram6_end__ = (__ram6_start__ + __ram6_size__)
                0x00000000                __ram7_start__ = ORIGIN (ram7)
                0x00000000                __ram7_size__ = 0x0
                0x00000000                __ram7_end__ = (__ram7_start__ + __ram7_size__)
                0x00000000                . = 0x0
                0x00000000                _text = .

startup         0x08000000      0x140
 *(.vectors)
 .vectors       0x08000000      0x140 C:\Users\ajink\AppData\Local\Temp\cc6TAYIe.ltrans3.ltrans.o
                0x08000000                _vectors

constructors    0x08000140        0x0
                0x08000140                PROVIDE (__init_array_start, .)
 *(SORT(.init_array.*))
 *(.init_array)
                0x08000140                PROVIDE (__init_array_end, .)

destructors     0x08000140        0x0
                0x08000140                PROVIDE (__fini_array_start, .)
 *(.fini_array)
 *(SORT(.fini_array.*))
                0x08000140                PROVIDE (__fini_array_end, .)

.text           0x08000140     0x4711
 *(.text)
 .text          0x08000140       0xc0 build/obj/crt0_v7m.o
                0x08000140                Reset_Handler
 .text          0x08000200       0x28 build/obj/chcoreasm_v7m.o
                0x08000200                _port_switch
                0x08000210                _port_thread_start
                0x08000220                _port_switch_from_isr
                0x08000224                _port_exit_from_isr
 *(.text.*)
 *fill*         0x08000228        0x8 
 .text.usbStartTransmitI
                0x08000230       0x44 C:\Users\ajink\AppData\Local\Temp\cc6TAYIe.ltrans0.ltrans.o
 *fill*         0x08000274        0xc 
 .text.set_address
                0x08000280       0x28 C:\Users\ajink\AppData\Local\Temp\cc6TAYIe.ltrans0.ltrans.o
 *fill*         0x080002a8        0x8 
 .text.sduInterruptTransmitted
                0x080002b0        0x4 C:\Users\ajink\AppData\Local\Temp\cc6TAYIe.ltrans0.ltrans.o
                0x080002b0                sduInterruptTransmitted
 *fill*         0x080002b4        0xc 
 .text.sduRequestsHook
                0x080002c0       0x40 C:\Users\ajink\AppData\Local\Temp\cc6TAYIe.ltrans0.ltrans.o
                0x080002c0                sduRequestsHook
 .text.SVC_Handler
                0x08000300       0x14 C:\Users\ajink\AppData\Local\Temp\cc6TAYIe.ltrans0.ltrans.o
                0x08000300                SVC_Handler
 *fill*         0x08000314        0xc 
 .text.chCoreAlloc
                0x08000320       0x38 C:\Users\ajink\AppData\Local\Temp\cc6TAYIe.ltrans0.ltrans.o
                0x08000320                chCoreAlloc
 *fill*         0x08000358        0x8 
 .text.wakeup   0x08000360       0x70 C:\Users\ajink\AppData\Local\Temp\cc6TAYIe.ltrans0.ltrans.o
 .text._idle_thread.lto_priv.59
                0x080003d0        0x4 C:\Users\ajink\AppData\Local\Temp\cc6TAYIe.ltrans0.ltrans.o
                0x080003d0                _idle_thread.lto_priv.59
 *fill*         0x080003d4        0xc 
 .text._usb_ep0out
                0x080003e0       0xb0 C:\Users\ajink\AppData\Local\Temp\cc6TAYIe.ltrans0.ltrans.o
                0x080003e0                _usb_ep0out
 .text.onotify.lto_priv.58
                0x08000490       0x70 C:\Users\ajink\AppData\Local\Temp\cc6TAYIe.ltrans0.ltrans.o
                0x08000490                onotify.lto_priv.58
 .text.chSchDoRescheduleAhead
                0x08000500       0x3c C:\Users\ajink\AppData\Local\Temp\cc6TAYIe.ltrans0.ltrans.o
 *fill*         0x0800053c        0x4 
 .text.usbStartReceiveI
                0x08000540       0x44 C:\Users\ajink\AppData\Local\Temp\cc6TAYIe.ltrans0.ltrans.o
                0x08000540                usbStartReceiveI
 *fill*         0x08000584        0xc 
 .text._usb_ep0in
                0x08000590       0xec C:\Users\ajink\AppData\Local\Temp\cc6TAYIe.ltrans0.ltrans.o
                0x08000590                _usb_ep0in
 *fill*         0x0800067c        0x4 
 .text._usb_ep0setup
                0x08000680      0x3f0 C:\Users\ajink\AppData\Local\Temp\cc6TAYIe.ltrans0.ltrans.o
                0x08000680                _usb_ep0setup
 .text.inotify.lto_priv.57
                0x08000a70       0x80 C:\Users\ajink\AppData\Local\Temp\cc6TAYIe.ltrans0.ltrans.o
                0x08000a70                inotify.lto_priv.57
 .text.usbInitEndpointI
                0x08000af0       0x34 C:\Users\ajink\AppData\Local\Temp\cc6TAYIe.ltrans0.ltrans.o
                0x08000af0                usbInitEndpointI
 *fill*         0x08000b24        0xc 
 .text._port_irq_epilogue
                0x08000b30       0x54 C:\Users\ajink\AppData\Local\Temp\cc6TAYIe.ltrans0.ltrans.o
                0x08000b30                _port_irq_epilogue
 *fill*         0x08000b84        0xc 
 .text.chTMStopMeasurementX
                0x08000b90       0x44 C:\Users\ajink\AppData\Local\Temp\cc6TAYIe.ltrans0.ltrans.o
                0x08000b90                chTMStopMeasurementX
 *fill*         0x08000bd4        0xc 
 .text.chSchDoReschedule
                0x08000be0        0x4 C:\Users\ajink\AppData\Local\Temp\cc6TAYIe.ltrans0.ltrans.o
                0x08000be0                chSchDoReschedule
 *fill*         0x08000be4        0xc 
 .text.chSchRescheduleS
                0x08000bf0       0x18 C:\Users\ajink\AppData\Local\Temp\cc6TAYIe.ltrans0.ltrans.o
                0x08000bf0                chSchRescheduleS
 *fill*         0x08000c08        0x8 
 .text.chSchGoSleepS
                0x08000c10       0x24 C:\Users\ajink\AppData\Local\Temp\cc6TAYIe.ltrans0.ltrans.o
                0x08000c10                chSchGoSleepS
 *fill*         0x08000c34        0xc 
 .text.chSchGoSleepTimeoutS
                0x08000c40      0x13c C:\Users\ajink\AppData\Local\Temp\cc6TAYIe.ltrans0.ltrans.o
 *fill*         0x08000d7c        0x4 
 .text.chThdEnqueueTimeoutS
                0x08000d80       0x28 C:\Users\ajink\AppData\Local\Temp\cc6TAYIe.ltrans0.ltrans.o
 *fill*         0x08000da8        0x8 
 .text.chOQWriteTimeout
                0x08000db0       0x80 C:\Users\ajink\AppData\Local\Temp\cc6TAYIe.ltrans0.ltrans.o
 .text.writet.lto_priv.71
                0x08000e30        0x8 C:\Users\ajink\AppData\Local\Temp\cc6TAYIe.ltrans0.ltrans.o
                0x08000e30                writet.lto_priv.71
 *fill*         0x08000e38        0x8 
 .text.write.lto_priv.65
                0x08000e40        0xc C:\Users\ajink\AppData\Local\Temp\cc6TAYIe.ltrans0.ltrans.o
                0x08000e40                write.lto_priv.65
 *fill*         0x08000e4c        0x4 
 .text.chOQPutTimeout
                0x08000e50       0x54 C:\Users\ajink\AppData\Local\Temp\cc6TAYIe.ltrans0.ltrans.o
 *fill*         0x08000ea4        0xc 
 .text.putt.lto_priv.69
                0x08000eb0        0x8 C:\Users\ajink\AppData\Local\Temp\cc6TAYIe.ltrans0.ltrans.o
                0x08000eb0                putt.lto_priv.69
 *fill*         0x08000eb8        0x8 
 .text.put.lto_priv.67
                0x08000ec0        0xc C:\Users\ajink\AppData\Local\Temp\cc6TAYIe.ltrans0.ltrans.o
                0x08000ec0                put.lto_priv.67
 *fill*         0x08000ecc        0x4 
 .text.chIQReadTimeout
                0x08000ed0       0x78 C:\Users\ajink\AppData\Local\Temp\cc6TAYIe.ltrans0.ltrans.o
 *fill*         0x08000f48        0x8 
 .text.readt.lto_priv.72
                0x08000f50        0x8 C:\Users\ajink\AppData\Local\Temp\cc6TAYIe.ltrans0.ltrans.o
                0x08000f50                readt.lto_priv.72
 *fill*         0x08000f58        0x8 
 .text.read.lto_priv.66
                0x08000f60        0xc C:\Users\ajink\AppData\Local\Temp\cc6TAYIe.ltrans0.ltrans.o
                0x08000f60                read.lto_priv.66
 *fill*         0x08000f6c        0x4 
 .text.chIQGetTimeout
                0x08000f70       0x50 C:\Users\ajink\AppData\Local\Temp\cc6TAYIe.ltrans0.ltrans.o
 .text.gett.lto_priv.70
                0x08000fc0        0x8 C:\Users\ajink\AppData\Local\Temp\cc6TAYIe.ltrans0.ltrans.o
                0x08000fc0                gett.lto_priv.70
 *fill*         0x08000fc8        0x8 
 .text.get.lto_priv.68
                0x08000fd0        0xc C:\Users\ajink\AppData\Local\Temp\cc6TAYIe.ltrans0.ltrans.o
                0x08000fd0                get.lto_priv.68
 *fill*         0x08000fdc        0x4 
 .text.chThdSleep
                0x08000fe0       0x18 C:\Users\ajink\AppData\Local\Temp\cc6TAYIe.ltrans0.ltrans.o
                0x08000fe0                chThdSleep
 *fill*         0x08000ff8        0x8 
 .text.chSchReadyI
                0x08001000       0x2c C:\Users\ajink\AppData\Local\Temp\cc6TAYIe.ltrans0.ltrans.o
                0x08001000                chSchReadyI
 *fill*         0x0800102c        0x4 
 .text.chEvtBroadcastFlagsI
                0x08001030       0x5c C:\Users\ajink\AppData\Local\Temp\cc6TAYIe.ltrans0.ltrans.o
                0x08001030                chEvtBroadcastFlagsI
 *fill*         0x0800108c        0x4 
 .text.sduDataReceived
                0x08001090       0x7c C:\Users\ajink\AppData\Local\Temp\cc6TAYIe.ltrans0.ltrans.o
                0x08001090                sduDataReceived
 *fill*         0x0800110c        0x4 
 .text.sduDataTransmitted
                0x08001110       0x8c C:\Users\ajink\AppData\Local\Temp\cc6TAYIe.ltrans0.ltrans.o
                0x08001110                sduDataTransmitted
 *fill*         0x0800119c        0x4 
 .text.chMtxUnlock
                0x080011a0       0x64 C:\Users\ajink\AppData\Local\Temp\cc6TAYIe.ltrans0.ltrans.o
                0x080011a0                chMtxUnlock
 *fill*         0x08001204        0xc 
 .text.chMtxLock
                0x08001210       0xd8 C:\Users\ajink\AppData\Local\Temp\cc6TAYIe.ltrans0.ltrans.o
                0x08001210                chMtxLock
 *fill*         0x080012e8        0x8 
 .text.chThdRelease
                0x080012f0       0xd4 C:\Users\ajink\AppData\Local\Temp\cc6TAYIe.ltrans0.ltrans.o
                0x080012f0                chThdRelease
 *fill*         0x080013c4        0xc 
 .text.chThdDequeueAllI
                0x080013d0       0x24 C:\Users\ajink\AppData\Local\Temp\cc6TAYIe.ltrans0.ltrans.o
                0x080013d0                chThdDequeueAllI
 *fill*         0x080013f4        0xc 
 .text.chThdExitS
                0x08001400       0x40 C:\Users\ajink\AppData\Local\Temp\cc6TAYIe.ltrans0.ltrans.o
                0x08001400                chThdExitS
 .text.chThdExit
                0x08001440        0xc C:\Users\ajink\AppData\Local\Temp\cc6TAYIe.ltrans0.ltrans.o
                0x08001440                chThdExit
 *fill*         0x0800144c        0x4 
 .text._unhandled_exception
                0x08001450        0x4 C:\Users\ajink\AppData\Local\Temp\cc6TAYIe.ltrans0.ltrans.o
                0x08001450                Vector58
                0x08001450                VectorE8
                0x08001450                Vector9C
                0x08001450                VectorAC
                0x08001450                DebugMon_Handler
                0x08001450                Vector5C
                0x08001450                Vector11C
                0x08001450                HardFault_Handler
                0x08001450                SysTick_Handler
                0x08001450                VectorDC
                0x08001450                PendSV_Handler
                0x08001450                NMI_Handler
                0x08001450                Vector110
                0x08001450                Vector120
                0x08001450                VectorC8
                0x08001450                Vector94
                0x08001450                VectorA8
                0x08001450                VectorB4
                0x08001450                UsageFault_Handler
                0x08001450                VectorEC
                0x08001450                Vector40
                0x08001450                VectorF8
                0x08001450                Vector108
                0x08001450                VectorBC
                0x08001450                Vector124
                0x08001450                Vector118
                0x08001450                Vector64
                0x08001450                VectorCC
                0x08001450                Vector54
                0x08001450                Vector98
                0x08001450                VectorD8
                0x08001450                Vector138
                0x08001450                Vector24
                0x08001450                VectorD0
                0x08001450                VectorE4
                0x08001450                VectorC0
                0x08001450                Vector130
                0x08001450                Vector134
                0x08001450                VectorF0
                0x08001450                Vector12C
                0x08001450                Vector13C
                0x08001450                Vector100
                0x08001450                VectorE0
                0x08001450                VectorF4
                0x08001450                MemManage_Handler
                0x08001450                VectorA0
                0x08001450                VectorC4
                0x08001450                Vector114
                0x08001450                Vector60
                0x08001450                Vector1C
                0x08001450                Vector48
                0x08001450                VectorD4
                0x08001450                Vector4C
                0x08001450                Vector68
                0x08001450                Vector88
                0x08001450                Vector104
                0x08001450                Vector10C
                0x08001450                BusFault_Handler
                0x08001450                Vector50
                0x08001450                Vector44
                0x08001450                Vector28
                0x08001450                VectorB8
                0x08001450                VectorFC
                0x08001450                Vector34
                0x08001450                Vector128
                0x08001450                VectorA4
                0x08001450                Vector20
 *fill*         0x08001454        0xc 
 .text.__default_exit
                0x08001460        0x4 C:\Users\ajink\AppData\Local\Temp\cc6TAYIe.ltrans0.ltrans.o
                0x08001460                __default_exit
 *fill*         0x08001464        0xc 
 .text.__late_init
                0x08001470        0x4 C:\Users\ajink\AppData\Local\Temp\cc6TAYIe.ltrans0.ltrans.o
                0x08001470                __late_init
 *fill*         0x08001474        0xc 
 .text.__core_init
                0x08001480        0x4 C:\Users\ajink\AppData\Local\Temp\cc6TAYIe.ltrans0.ltrans.o
                0x08001480                __core_init
 *fill*         0x08001484        0xc 
 .text.get_descriptor.lto_priv.64
                0x08001490       0x30 C:\Users\ajink\AppData\Local\Temp\cc6TAYIe.ltrans1.ltrans.o
                0x08001490                get_descriptor.lto_priv.64
 .text.usb_event.lto_priv.63
                0x080014c0       0xa8 C:\Users\ajink\AppData\Local\Temp\cc6TAYIe.ltrans1.ltrans.o
                0x080014c0                usb_event.lto_priv.63
 *fill*         0x08001568        0x8 
 .text.lcd_2x16_write
                0x08001570       0x2c C:\Users\ajink\AppData\Local\Temp\cc6TAYIe.ltrans1.ltrans.o
 *fill*         0x0800159c        0x4 
 .text.cmd_systime
                0x080015a0       0x34 C:\Users\ajink\AppData\Local\Temp\cc6TAYIe.ltrans1.ltrans.o
 *fill*         0x080015d4        0xc 
 .text.shell_thread.lto_priv.56
                0x080015e0      0x230 C:\Users\ajink\AppData\Local\Temp\cc6TAYIe.ltrans1.ltrans.o
                0x080015e0                shell_thread.lto_priv.56
 .text.lcd_2x16_write_command
                0x08001810       0x24 C:\Users\ajink\AppData\Local\Temp\cc6TAYIe.ltrans1.ltrans.o
                0x08001810                lcd_2x16_write_command
 *fill*         0x08001834        0xc 
 .text.rf_read_reg
                0x08001840       0x64 C:\Users\ajink\AppData\Local\Temp\cc6TAYIe.ltrans1.ltrans.o
                0x08001840                rf_read_reg
 *fill*         0x080018a4        0xc 
 .text.rf_write_reg
                0x080018b0       0x40 C:\Users\ajink\AppData\Local\Temp\cc6TAYIe.ltrans1.ltrans.o
                0x080018b0                rf_write_reg
 .text.nrf_driver_init
                0x080018f0      0x218 C:\Users\ajink\AppData\Local\Temp\cc6TAYIe.ltrans1.ltrans.o
                0x080018f0                nrf_driver_init
 *fill*         0x08001b08        0x8 
 .text.rf_flush_rx
                0x08001b10       0x34 C:\Users\ajink\AppData\Local\Temp\cc6TAYIe.ltrans1.ltrans.o
                0x08001b10                rf_flush_rx
 *fill*         0x08001b44        0xc 
 .text.rf_flush_tx
                0x08001b50       0x34 C:\Users\ajink\AppData\Local\Temp\cc6TAYIe.ltrans1.ltrans.o
                0x08001b50                rf_flush_tx
 *fill*         0x08001b84        0xc 
 .text.rf_mode_rx
                0x08001b90       0x34 C:\Users\ajink\AppData\Local\Temp\cc6TAYIe.ltrans1.ltrans.o
                0x08001b90                rf_mode_rx
 *fill*         0x08001bc4        0xc 
 .text.tx_thread
                0x08001bd0      0x1d4 C:\Users\ajink\AppData\Local\Temp\cc6TAYIe.ltrans1.ltrans.o
 *fill*         0x08001da4        0xc 
 .text.chvprintf
                0x08001db0      0x308 C:\Users\ajink\AppData\Local\Temp\cc6TAYIe.ltrans1.ltrans.o
                0x08001db0                chvprintf
 *fill*         0x080020b8        0x8 
 .text.chprintf.lto_priv.75
                0x080020c0       0x20 C:\Users\ajink\AppData\Local\Temp\cc6TAYIe.ltrans1.ltrans.o
                0x080020c0                chprintf.lto_priv.75
 .text.cmd_mem.lto_priv.73
                0x080020e0       0x80 C:\Users\ajink\AppData\Local\Temp\cc6TAYIe.ltrans1.ltrans.o
                0x080020e0                cmd_mem.lto_priv.73
 .text.Thread1  0x08002160       0x48 C:\Users\ajink\AppData\Local\Temp\cc6TAYIe.ltrans2.ltrans.o
 *fill*         0x080021a8        0x8 
 .text.statusThreads
                0x080021b0       0x94 C:\Users\ajink\AppData\Local\Temp\cc6TAYIe.ltrans2.ltrans.o
 *fill*         0x08002244        0xc 
 .text.encoderData
                0x08002250       0x50 C:\Users\ajink\AppData\Local\Temp\cc6TAYIe.ltrans2.ltrans.o
 .text.statusApp
                0x080022a0       0xb8 C:\Users\ajink\AppData\Local\Temp\cc6TAYIe.ltrans2.ltrans.o
 *fill*         0x08002358        0x8 
 .text.startup.main
                0x08002360      0xa24 C:\Users\ajink\AppData\Local\Temp\cc6TAYIe.ltrans2.ltrans.o
                0x08002360                main
 *fill*         0x08002d84        0xc 
 .text.spi_lld_serve_tx_interrupt.lto_priv.84
                0x08002d90       0x18 C:\Users\ajink\AppData\Local\Temp\cc6TAYIe.ltrans3.ltrans.o
                0x08002d90                spi_lld_serve_tx_interrupt.lto_priv.84
 *fill*         0x08002da8        0x8 
 .text.Vector8C
                0x08002db0        0x4 C:\Users\ajink\AppData\Local\Temp\cc6TAYIe.ltrans3.ltrans.o
 *fill*         0x08002db4        0xc 
 .text.VectorB0
                0x08002dc0       0xa0 C:\Users\ajink\AppData\Local\Temp\cc6TAYIe.ltrans3.ltrans.o
 .text.Vector84
                0x08002e60       0x28 C:\Users\ajink\AppData\Local\Temp\cc6TAYIe.ltrans3.ltrans.o
 *fill*         0x08002e88        0x8 
 .text.Vector80
                0x08002e90       0x28 C:\Users\ajink\AppData\Local\Temp\cc6TAYIe.ltrans3.ltrans.o
 *fill*         0x08002eb8        0x8 
 .text.Vector7C
                0x08002ec0       0x28 C:\Users\ajink\AppData\Local\Temp\cc6TAYIe.ltrans3.ltrans.o
 *fill*         0x08002ee8        0x8 
 .text.Vector78
                0x08002ef0       0x28 C:\Users\ajink\AppData\Local\Temp\cc6TAYIe.ltrans3.ltrans.o
 *fill*         0x08002f18        0x8 
 .text.Vector74
                0x08002f20       0x28 C:\Users\ajink\AppData\Local\Temp\cc6TAYIe.ltrans3.ltrans.o
 *fill*         0x08002f48        0x8 
 .text.Vector70
                0x08002f50       0x28 C:\Users\ajink\AppData\Local\Temp\cc6TAYIe.ltrans3.ltrans.o
 *fill*         0x08002f78        0x8 
 .text.Vector6C
                0x08002f80       0x28 C:\Users\ajink\AppData\Local\Temp\cc6TAYIe.ltrans3.ltrans.o
 *fill*         0x08002fa8        0x8 
 .text.usb_packet_write_from_queue
                0x08002fb0       0xb4 C:\Users\ajink\AppData\Local\Temp\cc6TAYIe.ltrans3.ltrans.o
 *fill*         0x08003064        0xc 
 .text.spi_lld_serve_rx_interrupt.lto_priv.83
                0x08003070       0x7c C:\Users\ajink\AppData\Local\Temp\cc6TAYIe.ltrans3.ltrans.o
                0x08003070                spi_lld_serve_rx_interrupt.lto_priv.83
 *fill*         0x080030ec        0x4 
 .text.chprintf.lto_priv.86
                0x080030f0       0x20 C:\Users\ajink\AppData\Local\Temp\cc6TAYIe.ltrans3.ltrans.o
                0x080030f0                chprintf.lto_priv.86
 .text.cmd_info.lto_priv.85
                0x08003110       0xbc C:\Users\ajink\AppData\Local\Temp\cc6TAYIe.ltrans3.ltrans.o
                0x08003110                cmd_info.lto_priv.85
 *fill*         0x080031cc        0x4 
 .text.__early_init
                0x080031d0       0x8c C:\Users\ajink\AppData\Local\Temp\cc6TAYIe.ltrans3.ltrans.o
                0x080031d0                __early_init
 *fill*         0x0800325c        0x4 
 .text.usb_lld_prepare_transmit
                0x08003260       0x7c C:\Users\ajink\AppData\Local\Temp\cc6TAYIe.ltrans3.ltrans.o
                0x08003260                usb_lld_prepare_transmit
 *fill*         0x080032dc        0x4 
 .text.usb_lld_prepare_receive
                0x080032e0       0x20 C:\Users\ajink\AppData\Local\Temp\cc6TAYIe.ltrans3.ltrans.o
                0x080032e0                usb_lld_prepare_receive
 .text.usb_lld_init_endpoint
                0x08003300       0xd8 C:\Users\ajink\AppData\Local\Temp\cc6TAYIe.ltrans3.ltrans.o
                0x08003300                usb_lld_init_endpoint
 *fill*         0x080033d8        0x8 
 .text.usb_lld_reset
                0x080033e0       0x44 C:\Users\ajink\AppData\Local\Temp\cc6TAYIe.ltrans3.ltrans.o
                0x080033e0                usb_lld_reset
 *fill*         0x08003424        0xc 
 .text.Vector90
                0x08003430      0x3a8 C:\Users\ajink\AppData\Local\Temp\cc6TAYIe.ltrans3.ltrans.o
 *fill*         0x080037d8        0x8 
 .text._pal_lld_setgroupmode
                0x080037e0       0x68 C:\Users\ajink\AppData\Local\Temp\cc6TAYIe.ltrans3.ltrans.o
                0x080037e0                _pal_lld_setgroupmode
 *fill*         0x08003848        0x8 
 .text.chSchWakeupS.constprop.55
                0x08003850       0x58 C:\Users\ajink\AppData\Local\Temp\cc6TAYIe.ltrans4.ltrans.o
                0x08003850                chSchWakeupS.constprop.55
 *fill*         0x080038a8        0x8 
 .text.chThdCreateStatic.constprop.54
                0x080038b0       0x78 C:\Users\ajink\AppData\Local\Temp\cc6TAYIe.ltrans4.ltrans.o
                0x080038b0                chThdCreateStatic.constprop.54
 *fill*         0x08003928        0x8 
 .text.chTMStartMeasurementX.constprop.52
                0x08003930        0xc C:\Users\ajink\AppData\Local\Temp\cc6TAYIe.ltrans4.ltrans.o
                0x08003930                chTMStartMeasurementX.constprop.52
 *fill*         0x0800393c        0x4 
 .text.dmaStreamAllocate.constprop.33
                0x08003940       0x98 C:\Users\ajink\AppData\Local\Temp\cc6TAYIe.ltrans4.ltrans.o
                0x08003940                dmaStreamAllocate.constprop.33
 *fill*         0x080039d8        0x8 
 .text.spiSelect.constprop.29
                0x080039e0       0x20 C:\Users\ajink\AppData\Local\Temp\cc6TAYIe.ltrans4.ltrans.o
                0x080039e0                spiSelect.constprop.29
 .text.spiUnselect.constprop.27
                0x08003a00       0x20 C:\Users\ajink\AppData\Local\Temp\cc6TAYIe.ltrans4.ltrans.o
                0x08003a00                spiUnselect.constprop.27
 .text.spiSend.constprop.25
                0x08003a20       0x6c C:\Users\ajink\AppData\Local\Temp\cc6TAYIe.ltrans4.ltrans.o
                0x08003a20                spiSend.constprop.25
 *fill*         0x08003a8c        0x4 
 .text.spi_lld_receive.constprop.24
                0x08003a90       0x40 C:\Users\ajink\AppData\Local\Temp\cc6TAYIe.ltrans4.ltrans.o
                0x08003a90                spi_lld_receive.constprop.24
 .text._strtok.constprop.13
                0x08003ad0       0x40 C:\Users\ajink\AppData\Local\Temp\cc6TAYIe.ltrans4.ltrans.o
                0x08003ad0                _strtok.constprop.13
 .text.long_to_string_with_divisor.constprop.12
                0x08003b10       0x44 C:\Users\ajink\AppData\Local\Temp\cc6TAYIe.ltrans4.ltrans.o
                0x08003b10                long_to_string_with_divisor.constprop.12
 *fill*         0x08003b54        0xc 
 .text.chprintf.constprop.2
                0x08003b60       0x24 C:\Users\ajink\AppData\Local\Temp\cc6TAYIe.ltrans4.ltrans.o
                0x08003b60                chprintf.constprop.2
 *fill*         0x08003b84        0xc 
 .text.memcmp   0x08003b90       0x64 c:/chibistudio/tools/gnu tools arm embedded/4.9 2015q3/bin/../lib/gcc/arm-none-eabi/4.9.3/../../../../arm-none-eabi/lib/armv7-m\libg.a(lib_a-memcmp.o)
                0x08003b90                memcmp
 *fill*         0x08003bf4        0xc 
 .text.memset   0x08003c00       0x9c c:/chibistudio/tools/gnu tools arm embedded/4.9 2015q3/bin/../lib/gcc/arm-none-eabi/4.9.3/../../../../arm-none-eabi/lib/armv7-m\libg.a(lib_a-memset.o)
                0x08003c00                memset
 *fill*         0x08003c9c        0x4 
 .text.strcasecmp
                0x08003ca0       0x40 c:/chibistudio/tools/gnu tools arm embedded/4.9 2015q3/bin/../lib/gcc/arm-none-eabi/4.9.3/../../../../arm-none-eabi/lib/armv7-m\libg.a(lib_a-strcasecmp.o)
                0x08003ca0                strcasecmp
 .text.strpbrk  0x08003ce0       0x48 c:/chibistudio/tools/gnu tools arm embedded/4.9 2015q3/bin/../lib/gcc/arm-none-eabi/4.9.3/../../../../arm-none-eabi/lib/armv7-m\libg.a(lib_a-strpbrk.o)
                0x08003ce0                strpbrk
 *fill*         0x08003d28        0x8 
 .text.strspn   0x08003d30       0x34 c:/chibistudio/tools/gnu tools arm embedded/4.9 2015q3/bin/../lib/gcc/arm-none-eabi/4.9.3/../../../../arm-none-eabi/lib/armv7-m\libg.a(lib_a-strspn.o)
                0x08003d30                strspn
 *(.rodata)
 *fill*         0x08003d64        0xc 
 .rodata        0x08003d70        0x3 C:\Users\ajink\AppData\Local\Temp\cc6TAYIe.ltrans1.ltrans.o
 *(.rodata.*)
 *fill*         0x08003d73        0xd 
 .rodata.zero_status
                0x08003d80        0x2 C:\Users\ajink\AppData\Local\Temp\cc6TAYIe.ltrans0.ltrans.o
 *fill*         0x08003d82        0xe 
 .rodata.active_status
                0x08003d90        0x2 C:\Users\ajink\AppData\Local\Temp\cc6TAYIe.ltrans0.ltrans.o
 *fill*         0x08003d92        0xe 
 .rodata.halted_status
                0x08003da0        0x2 C:\Users\ajink\AppData\Local\Temp\cc6TAYIe.ltrans0.ltrans.o
 *fill*         0x08003da2        0xe 
 .rodata.vcom_configuration_descriptor_data
                0x08003db0       0x43 C:\Users\ajink\AppData\Local\Temp\cc6TAYIe.ltrans1.ltrans.o
 *fill*         0x08003df3        0xd 
 .rodata.vcom_string0
                0x08003e00        0x4 C:\Users\ajink\AppData\Local\Temp\cc6TAYIe.ltrans1.ltrans.o
 *fill*         0x08003e04        0xc 
 .rodata.ep2config
                0x08003e10       0x24 C:\Users\ajink\AppData\Local\Temp\cc6TAYIe.ltrans1.ltrans.o
 *fill*         0x08003e34        0xc 
 .rodata.vcom_string2
                0x08003e40       0x38 C:\Users\ajink\AppData\Local\Temp\cc6TAYIe.ltrans1.ltrans.o
 *fill*         0x08003e78        0x8 
 .rodata.vcom_string3
                0x08003e80        0x8 C:\Users\ajink\AppData\Local\Temp\cc6TAYIe.ltrans1.ltrans.o
 *fill*         0x08003e88        0x8 
 .rodata.vcom_string1
                0x08003e90       0x12 C:\Users\ajink\AppData\Local\Temp\cc6TAYIe.ltrans1.ltrans.o
 *fill*         0x08003ea2        0xe 
 .rodata.vcom_strings
                0x08003eb0       0x20 C:\Users\ajink\AppData\Local\Temp\cc6TAYIe.ltrans1.ltrans.o
 .rodata.vcom_device_descriptor
                0x08003ed0        0x8 C:\Users\ajink\AppData\Local\Temp\cc6TAYIe.ltrans1.ltrans.o
 *fill*         0x08003ed8        0x8 
 .rodata.vcom_device_descriptor_data
                0x08003ee0       0x12 C:\Users\ajink\AppData\Local\Temp\cc6TAYIe.ltrans1.ltrans.o
 *fill*         0x08003ef2        0xe 
 .rodata.ls_spicfg
                0x08003f00        0xc C:\Users\ajink\AppData\Local\Temp\cc6TAYIe.ltrans1.ltrans.o
 *fill*         0x08003f0c        0x4 
 .rodata.str1.4
                0x08003f10      0x12d C:\Users\ajink\AppData\Local\Temp\cc6TAYIe.ltrans1.ltrans.o
                                0x131 (size before relaxing)
 *fill*         0x0800403d        0x3 
 .rodata.crc16_tab
                0x08004040      0x200 C:\Users\ajink\AppData\Local\Temp\cc6TAYIe.ltrans1.ltrans.o
 .rodata.vcom_configuration_descriptor
                0x08004240        0x8 C:\Users\ajink\AppData\Local\Temp\cc6TAYIe.ltrans1.ltrans.o
 *fill*         0x08004248        0x8 
 .rodata.ep1config
                0x08004250       0x24 C:\Users\ajink\AppData\Local\Temp\cc6TAYIe.ltrans1.ltrans.o
 *fill*         0x08004274        0xc 
 .rodata.serusbcfg
                0x08004280        0x8 C:\Users\ajink\AppData\Local\Temp\cc6TAYIe.ltrans2.ltrans.o
 *fill*         0x08004288        0x8 
 .rodata._stm32_dma_streams
                0x08004290       0x54 C:\Users\ajink\AppData\Local\Temp\cc6TAYIe.ltrans2.ltrans.o
 *fill*         0x080042e4        0xc 
 .rodata.usbcfg
                0x080042f0       0x10 C:\Users\ajink\AppData\Local\Temp\cc6TAYIe.ltrans2.ltrans.o
 .rodata.ch_debug
                0x08004300       0x16 C:\Users\ajink\AppData\Local\Temp\cc6TAYIe.ltrans2.ltrans.o
 *fill*         0x08004316        0xa 
 .rodata.str1.4
                0x08004320      0x18e C:\Users\ajink\AppData\Local\Temp\cc6TAYIe.ltrans2.ltrans.o
 *fill*         0x080044ae        0x2 
 .rodata.commands
                0x080044b0       0x28 C:\Users\ajink\AppData\Local\Temp\cc6TAYIe.ltrans2.ltrans.o
 *fill*         0x080044d8        0x8 
 .rodata.states.8216
                0x080044e0       0x40 C:\Users\ajink\AppData\Local\Temp\cc6TAYIe.ltrans2.ltrans.o
 .rodata.shell_cfg1
                0x08004520        0x8 C:\Users\ajink\AppData\Local\Temp\cc6TAYIe.ltrans2.ltrans.o
 *fill*         0x08004528        0x8 
 .rodata.vmt    0x08004530       0x20 C:\Users\ajink\AppData\Local\Temp\cc6TAYIe.ltrans2.ltrans.o
 .rodata.str1.4
                0x08004550      0x185 C:\Users\ajink\AppData\Local\Temp\cc6TAYIe.ltrans3.ltrans.o
                                0x199 (size before relaxing)
 *fill*         0x080046d5        0xb 
 .rodata.ep0config
                0x080046e0       0x24 C:\Users\ajink\AppData\Local\Temp\cc6TAYIe.ltrans3.ltrans.o
 *fill*         0x08004704        0xc 
 .rodata.cfgtab.7009
                0x08004710       0x12 C:\Users\ajink\AppData\Local\Temp\cc6TAYIe.ltrans3.ltrans.o
 *fill*         0x08004722        0xe 
 .rodata.CSWTCH.32
                0x08004730        0x6 C:\Users\ajink\AppData\Local\Temp\cc6TAYIe.ltrans3.ltrans.o
 *fill*         0x08004736        0xa 
 .rodata.str1.4
                0x08004740        0x4 C:\Users\ajink\AppData\Local\Temp\cc6TAYIe.ltrans4.ltrans.o
                                  0x3 (size before relaxing)
 *fill*         0x08004744        0xc 
 .rodata._ctype_
                0x08004750      0x101 c:/chibistudio/tools/gnu tools arm embedded/4.9 2015q3/bin/../lib/gcc/arm-none-eabi/4.9.3/../../../../arm-none-eabi/lib/armv7-m\libg.a(lib_a-ctype_.o)
                0x08004750                _ctype_
 *(.glue_7t)
 .glue_7t       0x00000000        0x0 linker stubs
 *(.glue_7)
 .glue_7        0x00000000        0x0 linker stubs
 *(.gcc*)

.vfp11_veneer   0x08004854        0x0
 .vfp11_veneer  0x00000000        0x0 linker stubs

.v4_bx          0x08004854        0x0
 .v4_bx         0x00000000        0x0 linker stubs

.iplt           0x08004854        0x0
 .iplt          0x00000000        0x0 build/obj/crt0_v7m.o

.rel.dyn        0x08004854        0x0
 .rel.iplt      0x00000000        0x0 build/obj/crt0_v7m.o

.ARM.extab
 *(.ARM.extab* .gnu.linkonce.armextab.*)

.ARM.exidx      0x08004851        0x0
                0x08004851                PROVIDE (__exidx_start, .)
 *(.ARM.exidx* .gnu.linkonce.armexidx.*)
                0x08004851                PROVIDE (__exidx_end, .)

.eh_frame_hdr
 *(.eh_frame_hdr)

.eh_frame
 *(.eh_frame)

.textalign      0x08004851        0x7
                0x08004858                . = ALIGN (0x8)
 *fill*         0x08004851        0x7 
                0x08004858                . = ALIGN (0x4)
                0x08004858                _etext = .
                0x08004858                _textdata = _etext

.mstack         0x20000000      0x400
                0x20000000                . = ALIGN (0x8)
                0x20000000                __main_stack_base__ = .
                0x20000400                . = (. + __main_stack_size__)
 *fill*         0x20000000      0x400 
                0x20000400                . = ALIGN (0x8)
                0x20000400                __main_stack_end__ = .

.pstack         0x20000400      0x400
                0x20000400                __process_stack_base__ = .
                0x20000400                __main_thread_stack_base__ = .
                0x20000800                . = (. + __process_stack_size__)
 *fill*         0x20000400      0x400 
                0x20000800                . = ALIGN (0x8)
                0x20000800                __process_stack_end__ = .
                0x20000800                __main_thread_stack_end__ = .

.data           0x20000800       0x38 load address 0x08004858
                0x20000800                . = ALIGN (0x4)
                0x20000800                PROVIDE (_data, .)
 *(.data)
 *(.data.*)
 .data.linecoding
                0x20000800        0x7 C:\Users\ajink\AppData\Local\Temp\cc6TAYIe.ltrans0.ltrans.o
 .data.tx_stop  0x20000807        0x1 C:\Users\ajink\AppData\Local\Temp\cc6TAYIe.ltrans1.ltrans.o
 .data.rx_stop  0x20000808        0x1 C:\Users\ajink\AppData\Local\Temp\cc6TAYIe.ltrans1.ltrans.o
 *fill*         0x20000809        0x3 
 .data.local_commands
                0x2000080c       0x18 C:\Users\ajink\AppData\Local\Temp\cc6TAYIe.ltrans1.ltrans.o
 .data.qeicfg   0x20000824       0x10 C:\Users\ajink\AppData\Local\Temp\cc6TAYIe.ltrans2.ltrans.o
 .data.__ctype_ptr__
                0x20000834        0x4 c:/chibistudio/tools/gnu tools arm embedded/4.9 2015q3/bin/../lib/gcc/arm-none-eabi/4.9.3/../../../../arm-none-eabi/lib/armv7-m\libg.a(lib_a-ctype_.o)
                0x20000834                __ctype_ptr__
 *(.ramtext)
                0x20000838                . = ALIGN (0x4)
                0x20000838                PROVIDE (_edata, .)

.igot.plt       0x20000838        0x0 load address 0x08004890
 .igot.plt      0x00000000        0x0 build/obj/crt0_v7m.o

.bss            0x20000838      0x9b8 load address 0x08004890
                0x20000838                . = ALIGN (0x4)
                0x20000838                PROVIDE (_bss_start, .)
 *(.bss)
 *(.bss.*)
 .bss.tx_thread_wa
                0x20000838      0x2c8 C:\Users\ajink\AppData\Local\Temp\cc6TAYIe.ltrans1.ltrans.o
 .bss.tx_running
                0x20000b00        0x1 C:\Users\ajink\AppData\Local\Temp\cc6TAYIe.ltrans1.ltrans.o
 *fill*         0x20000b01        0x3 
 .bss.nrf_restart_tx_time
                0x20000b04        0x4 C:\Users\ajink\AppData\Local\Temp\cc6TAYIe.ltrans1.ltrans.o
 .bss.pairing_time_end
                0x20000b08        0x2 C:\Users\ajink\AppData\Local\Temp\cc6TAYIe.ltrans1.ltrans.o
 *fill*         0x20000b0a        0x2 
 .bss.nosend_cnt
                0x20000b0c        0x4 C:\Users\ajink\AppData\Local\Temp\cc6TAYIe.ltrans1.ltrans.o
 .bss.m_init_done
                0x20000b10        0x1 C:\Users\ajink\AppData\Local\Temp\cc6TAYIe.ltrans1.ltrans.o
 *fill*         0x20000b11        0x3 
 .bss.ep2instate
                0x20000b14       0x10 C:\Users\ajink\AppData\Local\Temp\cc6TAYIe.ltrans1.ltrans.o
 .bss.nrf_restart_rx_time
                0x20000b24        0x4 C:\Users\ajink\AppData\Local\Temp\cc6TAYIe.ltrans1.ltrans.o
 .bss.ep1outstate
                0x20000b28       0x14 C:\Users\ajink\AppData\Local\Temp\cc6TAYIe.ltrans1.ltrans.o
 .bss.rx_running
                0x20000b3c        0x1 C:\Users\ajink\AppData\Local\Temp\cc6TAYIe.ltrans1.ltrans.o
 *fill*         0x20000b3d        0x3 
 .bss.ep1instate
                0x20000b40       0x10 C:\Users\ajink\AppData\Local\Temp\cc6TAYIe.ltrans1.ltrans.o
 .bss.pairing_active
                0x20000b50        0x1 C:\Users\ajink\AppData\Local\Temp\cc6TAYIe.ltrans1.ltrans.o
 *fill*         0x20000b51        0x3 
 .bss.tx_addr   0x20000b54        0x5 C:\Users\ajink\AppData\Local\Temp\cc6TAYIe.ltrans2.ltrans.o
 *fill*         0x20000b59        0x3 
 .bss.USBD1     0x20000b5c       0x84 C:\Users\ajink\AppData\Local\Temp\cc6TAYIe.ltrans2.ltrans.o
                0x20000b5c                USBD1
 .bss.QEID4     0x20000be0        0xc C:\Users\ajink\AppData\Local\Temp\cc6TAYIe.ltrans2.ltrans.o
 .bss.encv      0x20000bec        0x4 C:\Users\ajink\AppData\Local\Temp\cc6TAYIe.ltrans2.ltrans.o
 .bss.init_errors
                0x20000bf0        0x4 C:\Users\ajink\AppData\Local\Temp\cc6TAYIe.ltrans2.ltrans.o
                0x20000bf0                init_errors
 .bss.endmem.lto_priv.77
                0x20000bf4        0x4 C:\Users\ajink\AppData\Local\Temp\cc6TAYIe.ltrans2.ltrans.o
                0x20000bf4                endmem.lto_priv.77
 .bss.nrf_conf.lto_priv.79
                0x20000bf8        0xa C:\Users\ajink\AppData\Local\Temp\cc6TAYIe.ltrans2.ltrans.o
                0x20000bf8                nrf_conf.lto_priv.79
 *fill*         0x20000c02        0x2 
 .bss.rx_addr   0x20000c04       0x1e C:\Users\ajink\AppData\Local\Temp\cc6TAYIe.ltrans2.ltrans.o
 *fill*         0x20000c22        0x6 
 .bss.default_heap.lto_priv.76
                0x20000c28       0x20 C:\Users\ajink\AppData\Local\Temp\cc6TAYIe.ltrans2.ltrans.o
                0x20000c28                default_heap.lto_priv.76
 .bss.nextmem.lto_priv.78
                0x20000c48        0x4 C:\Users\ajink\AppData\Local\Temp\cc6TAYIe.ltrans2.ltrans.o
                0x20000c48                nextmem.lto_priv.78
 .bss.shell_terminated
                0x20000c4c        0x4 C:\Users\ajink\AppData\Local\Temp\cc6TAYIe.ltrans2.ltrans.o
                0x20000c4c                shell_terminated
 .bss.rf_mutex.lto_priv.80
                0x20000c50       0x10 C:\Users\ajink\AppData\Local\Temp\cc6TAYIe.ltrans2.ltrans.o
                0x20000c50                rf_mutex.lto_priv.80
 .bss.init_done.lto_priv.82
                0x20000c60        0x1 C:\Users\ajink\AppData\Local\Temp\cc6TAYIe.ltrans2.ltrans.o
                0x20000c60                init_done.lto_priv.82
 *fill*         0x20000c61        0x7 
 .bss.waThread1
                0x20000c68      0x148 C:\Users\ajink\AppData\Local\Temp\cc6TAYIe.ltrans2.ltrans.o
 .bss.address_length.lto_priv.81
                0x20000db0        0x4 C:\Users\ajink\AppData\Local\Temp\cc6TAYIe.ltrans2.ltrans.o
                0x20000db0                address_length.lto_priv.81
 .bss.ep0_state
                0x20000db4       0x14 C:\Users\ajink\AppData\Local\Temp\cc6TAYIe.ltrans3.ltrans.o
 .bss.ep0setup_buffer
                0x20000dc8        0x8 C:\Users\ajink\AppData\Local\Temp\cc6TAYIe.ltrans3.ltrans.o
 .bss.SDU1      0x20000dd0      0x258 C:\Users\ajink\AppData\Local\Temp\cc6TAYIe.ltrans4.ltrans.o
                0x20000dd0                SDU1
 .bss.dummytx.lto_priv.60
                0x20001028        0x2 C:\Users\ajink\AppData\Local\Temp\cc6TAYIe.ltrans4.ltrans.o
                0x20001028                dummytx.lto_priv.60
 *fill*         0x2000102a        0x6 
 .bss.ch        0x20001030      0x150 C:\Users\ajink\AppData\Local\Temp\cc6TAYIe.ltrans4.ltrans.o
                0x20001030                ch
 .bss.dma_isr_redir.lto_priv.62
                0x20001180       0x38 C:\Users\ajink\AppData\Local\Temp\cc6TAYIe.ltrans4.ltrans.o
                0x20001180                dma_isr_redir.lto_priv.62
 .bss.SPID1     0x200011b8       0x30 C:\Users\ajink\AppData\Local\Temp\cc6TAYIe.ltrans4.ltrans.o
                0x200011b8                SPID1
 .bss.dma_streams_mask.lto_priv.61
                0x200011e8        0x4 C:\Users\ajink\AppData\Local\Temp\cc6TAYIe.ltrans4.ltrans.o
                0x200011e8                dma_streams_mask.lto_priv.61
 .bss.dummyrx   0x200011ec        0x2 C:\Users\ajink\AppData\Local\Temp\cc6TAYIe.ltrans4.ltrans.o
 *(COMMON)
                0x200011f0                . = ALIGN (0x4)
 *fill*         0x200011ee        0x2 
                0x200011f0                PROVIDE (_bss_end, .)
                0x200011f0                PROVIDE (end, .)

.ram0           0x200011f0        0x0 load address 0x08004890
                0x200011f0                . = ALIGN (0x4)
 *(.ram0)
 *(.ram0.*)
                0x200011f0                . = ALIGN (0x4)
                0x200011f0                __ram0_free__ = .

.ram1           0x00000000        0x0
                0x00000000                . = ALIGN (0x4)
 *(.ram1)
 *(.ram1.*)
                0x00000000                . = ALIGN (0x4)
                0x00000000                __ram1_free__ = .

.ram2           0x00000000        0x0
                0x00000000                . = ALIGN (0x4)
 *(.ram2)
 *(.ram2.*)
                0x00000000                . = ALIGN (0x4)
                0x00000000                __ram2_free__ = .

.ram3           0x00000000        0x0
                0x00000000                . = ALIGN (0x4)
 *(.ram3)
 *(.ram3.*)
                0x00000000                . = ALIGN (0x4)
                0x00000000                __ram3_free__ = .

.ram4           0x00000000        0x0
                0x00000000                . = ALIGN (0x4)
 *(.ram4)
 *(.ram4.*)
                0x00000000                . = ALIGN (0x4)
                0x00000000                __ram4_free__ = .

.ram5           0x00000000        0x0
                0x00000000                . = ALIGN (0x4)
 *(.ram5)
 *(.ram5.*)
                0x00000000                . = ALIGN (0x4)
                0x00000000                __ram5_free__ = .

.ram6           0x00000000        0x0
                0x00000000                . = ALIGN (0x4)
 *(.ram6)
 *(.ram6.*)
                0x00000000                . = ALIGN (0x4)
                0x00000000                __ram6_free__ = .

.ram7           0x00000000        0x0
                0x00000000                . = ALIGN (0x4)
 *(.ram7)
 *(.ram7.*)
                0x00000000                . = ALIGN (0x4)
                0x00000000                __ram7_free__ = .
                0x200011f0                __heap_base__ = __ram0_free__
                0x20005000                __heap_end__ = __ram0_end__
                0x00000400                __process_stack_size__ = 0x400
                0x00000400                __main_stack_size__ = 0x400
START GROUP
LOAD c:/chibistudio/tools/gnu tools arm embedded/4.9 2015q3/bin/../lib/gcc/arm-none-eabi/4.9.3/armv7-m\libgcc.a
LOAD c:/chibistudio/tools/gnu tools arm embedded/4.9 2015q3/bin/../lib/gcc/arm-none-eabi/4.9.3/../../../../arm-none-eabi/lib/armv7-m\libg.a
LOAD c:/chibistudio/tools/gnu tools arm embedded/4.9 2015q3/bin/../lib/gcc/arm-none-eabi/4.9.3/../../../../arm-none-eabi/lib/armv7-m\libc.a
END GROUP
OUTPUT(build/rotaryEnc.elf elf32-littlearm)

.ARM.attributes
                0x00000000       0x2f
 .ARM.attributes
                0x00000000       0x21 build/obj/crt0_v7m.o
 .ARM.attributes
                0x00000021       0x21 build/obj/chcoreasm_v7m.o
 .ARM.attributes
                0x00000042       0x31 C:\Users\ajink\AppData\Local\Temp\cc6TAYIe.ltrans0.ltrans.o
 .ARM.attributes
                0x00000073       0x31 C:\Users\ajink\AppData\Local\Temp\cc6TAYIe.ltrans1.ltrans.o
 .ARM.attributes
                0x000000a4       0x31 C:\Users\ajink\AppData\Local\Temp\cc6TAYIe.ltrans2.ltrans.o
 .ARM.attributes
                0x000000d5       0x31 C:\Users\ajink\AppData\Local\Temp\cc6TAYIe.ltrans3.ltrans.o
 .ARM.attributes
                0x00000106       0x31 C:\Users\ajink\AppData\Local\Temp\cc6TAYIe.ltrans4.ltrans.o
 .ARM.attributes
                0x00000137       0x2d c:/chibistudio/tools/gnu tools arm embedded/4.9 2015q3/bin/../lib/gcc/arm-none-eabi/4.9.3/../../../../arm-none-eabi/lib/armv7-m\libg.a(lib_a-memcmp.o)
 .ARM.attributes
                0x00000164       0x2d c:/chibistudio/tools/gnu tools arm embedded/4.9 2015q3/bin/../lib/gcc/arm-none-eabi/4.9.3/../../../../arm-none-eabi/lib/armv7-m\libg.a(lib_a-memset.o)
 .ARM.attributes
                0x00000191       0x2d c:/chibistudio/tools/gnu tools arm embedded/4.9 2015q3/bin/../lib/gcc/arm-none-eabi/4.9.3/../../../../arm-none-eabi/lib/armv7-m\libg.a(lib_a-strcasecmp.o)
 .ARM.attributes
                0x000001be       0x2d c:/chibistudio/tools/gnu tools arm embedded/4.9 2015q3/bin/../lib/gcc/arm-none-eabi/4.9.3/../../../../arm-none-eabi/lib/armv7-m\libg.a(lib_a-strpbrk.o)
 .ARM.attributes
                0x000001eb       0x2d c:/chibistudio/tools/gnu tools arm embedded/4.9 2015q3/bin/../lib/gcc/arm-none-eabi/4.9.3/../../../../arm-none-eabi/lib/armv7-m\libg.a(lib_a-strspn.o)
 .ARM.attributes
                0x00000218       0x2d c:/chibistudio/tools/gnu tools arm embedded/4.9 2015q3/bin/../lib/gcc/arm-none-eabi/4.9.3/../../../../arm-none-eabi/lib/armv7-m\libg.a(lib_a-ctype_.o)

.comment        0x00000000       0x70
 .comment       0x00000000       0x70 C:\Users\ajink\AppData\Local\Temp\cc6TAYIe.ltrans0.ltrans.o
                                 0x71 (size before relaxing)
 .comment       0x00000000       0x71 C:\Users\ajink\AppData\Local\Temp\cc6TAYIe.ltrans1.ltrans.o
 .comment       0x00000000       0x71 C:\Users\ajink\AppData\Local\Temp\cc6TAYIe.ltrans2.ltrans.o
 .comment       0x00000000       0x71 C:\Users\ajink\AppData\Local\Temp\cc6TAYIe.ltrans3.ltrans.o
 .comment       0x00000000       0x71 C:\Users\ajink\AppData\Local\Temp\cc6TAYIe.ltrans4.ltrans.o

.debug_info     0x00000000    0x11dc3
 .debug_info    0x00000000     0x5296 C:\Users\ajink\AppData\Local\Temp\cc6TAYIe.ltrans0.ltrans.o
 .debug_info    0x00005296     0x3d95 C:\Users\ajink\AppData\Local\Temp\cc6TAYIe.ltrans1.ltrans.o
 .debug_info    0x0000902b     0x437b C:\Users\ajink\AppData\Local\Temp\cc6TAYIe.ltrans2.ltrans.o
 .debug_info    0x0000d3a6     0x29b6 C:\Users\ajink\AppData\Local\Temp\cc6TAYIe.ltrans3.ltrans.o
 .debug_info    0x0000fd5c     0x2067 C:\Users\ajink\AppData\Local\Temp\cc6TAYIe.ltrans4.ltrans.o

.debug_abbrev   0x00000000     0x1dff
 .debug_abbrev  0x00000000      0x71d C:\Users\ajink\AppData\Local\Temp\cc6TAYIe.ltrans0.ltrans.o
 .debug_abbrev  0x0000071d      0x6e0 C:\Users\ajink\AppData\Local\Temp\cc6TAYIe.ltrans1.ltrans.o
 .debug_abbrev  0x00000dfd      0x539 C:\Users\ajink\AppData\Local\Temp\cc6TAYIe.ltrans2.ltrans.o
 .debug_abbrev  0x00001336      0x645 C:\Users\ajink\AppData\Local\Temp\cc6TAYIe.ltrans3.ltrans.o
 .debug_abbrev  0x0000197b      0x484 C:\Users\ajink\AppData\Local\Temp\cc6TAYIe.ltrans4.ltrans.o

.debug_loc      0x00000000     0x5d19
 .debug_loc     0x00000000     0x258b C:\Users\ajink\AppData\Local\Temp\cc6TAYIe.ltrans0.ltrans.o
 .debug_loc     0x0000258b     0x14bb C:\Users\ajink\AppData\Local\Temp\cc6TAYIe.ltrans1.ltrans.o
 .debug_loc     0x00003a46      0xff2 C:\Users\ajink\AppData\Local\Temp\cc6TAYIe.ltrans2.ltrans.o
 .debug_loc     0x00004a38      0xc69 C:\Users\ajink\AppData\Local\Temp\cc6TAYIe.ltrans3.ltrans.o
 .debug_loc     0x000056a1      0x678 C:\Users\ajink\AppData\Local\Temp\cc6TAYIe.ltrans4.ltrans.o

.debug_aranges  0x00000000      0x3b0
 .debug_aranges
                0x00000000      0x1a8 C:\Users\ajink\AppData\Local\Temp\cc6TAYIe.ltrans0.ltrans.o
 .debug_aranges
                0x000001a8       0x98 C:\Users\ajink\AppData\Local\Temp\cc6TAYIe.ltrans1.ltrans.o
 .debug_aranges
                0x00000240       0x40 C:\Users\ajink\AppData\Local\Temp\cc6TAYIe.ltrans2.ltrans.o
 .debug_aranges
                0x00000280       0xc0 C:\Users\ajink\AppData\Local\Temp\cc6TAYIe.ltrans3.ltrans.o
 .debug_aranges
                0x00000340       0x70 C:\Users\ajink\AppData\Local\Temp\cc6TAYIe.ltrans4.ltrans.o

.debug_ranges   0x00000000     0x1ce0
 .debug_ranges  0x00000000      0x890 C:\Users\ajink\AppData\Local\Temp\cc6TAYIe.ltrans0.ltrans.o
 .debug_ranges  0x00000890      0x4c0 C:\Users\ajink\AppData\Local\Temp\cc6TAYIe.ltrans1.ltrans.o
 .debug_ranges  0x00000d50      0xb30 C:\Users\ajink\AppData\Local\Temp\cc6TAYIe.ltrans2.ltrans.o
 .debug_ranges  0x00001880      0x2b8 C:\Users\ajink\AppData\Local\Temp\cc6TAYIe.ltrans3.ltrans.o
 .debug_ranges  0x00001b38      0x1a8 C:\Users\ajink\AppData\Local\Temp\cc6TAYIe.ltrans4.ltrans.o

.debug_line     0x00000000     0x428a
 .debug_line    0x00000000     0x1309 C:\Users\ajink\AppData\Local\Temp\cc6TAYIe.ltrans0.ltrans.o
 .debug_line    0x00001309      0xd52 C:\Users\ajink\AppData\Local\Temp\cc6TAYIe.ltrans1.ltrans.o
 .debug_line    0x0000205b      0xefb C:\Users\ajink\AppData\Local\Temp\cc6TAYIe.ltrans2.ltrans.o
 .debug_line    0x00002f56      0xb26 C:\Users\ajink\AppData\Local\Temp\cc6TAYIe.ltrans3.ltrans.o
 .debug_line    0x00003a7c      0x80e C:\Users\ajink\AppData\Local\Temp\cc6TAYIe.ltrans4.ltrans.o

.debug_str      0x00000000     0x30eb
 .debug_str     0x00000000     0x1396 C:\Users\ajink\AppData\Local\Temp\cc6TAYIe.ltrans0.ltrans.o
                               0x148a (size before relaxing)
 .debug_str     0x00001396      0xa35 C:\Users\ajink\AppData\Local\Temp\cc6TAYIe.ltrans1.ltrans.o
                               0x156a (size before relaxing)
 .debug_str     0x00001dcb      0xbf2 C:\Users\ajink\AppData\Local\Temp\cc6TAYIe.ltrans2.ltrans.o
                               0x19e3 (size before relaxing)
 .debug_str     0x000029bd      0x47a C:\Users\ajink\AppData\Local\Temp\cc6TAYIe.ltrans3.ltrans.o
                               0x114d (size before relaxing)
 .debug_str     0x00002e37      0x2b4 C:\Users\ajink\AppData\Local\Temp\cc6TAYIe.ltrans4.ltrans.o
                               0x10a9 (size before relaxing)

.debug_frame    0x00000000      0xd64
 .debug_frame   0x00000000      0x534 C:\Users\ajink\AppData\Local\Temp\cc6TAYIe.ltrans0.ltrans.o
 .debug_frame   0x00000534      0x23c C:\Users\ajink\AppData\Local\Temp\cc6TAYIe.ltrans1.ltrans.o
 .debug_frame   0x00000770       0xc4 C:\Users\ajink\AppData\Local\Temp\cc6TAYIe.ltrans2.ltrans.o
 .debug_frame   0x00000834      0x2c4 C:\Users\ajink\AppData\Local\Temp\cc6TAYIe.ltrans3.ltrans.o
 .debug_frame   0x00000af8      0x16c C:\Users\ajink\AppData\Local\Temp\cc6TAYIe.ltrans4.ltrans.o
 .debug_frame   0x00000c64       0x38 c:/chibistudio/tools/gnu tools arm embedded/4.9 2015q3/bin/../lib/gcc/arm-none-eabi/4.9.3/../../../../arm-none-eabi/lib/armv7-m\libg.a(lib_a-memcmp.o)
 .debug_frame   0x00000c9c       0x34 c:/chibistudio/tools/gnu tools arm embedded/4.9 2015q3/bin/../lib/gcc/arm-none-eabi/4.9.3/../../../../arm-none-eabi/lib/armv7-m\libg.a(lib_a-memset.o)
 .debug_frame   0x00000cd0       0x2c c:/chibistudio/tools/gnu tools arm embedded/4.9 2015q3/bin/../lib/gcc/arm-none-eabi/4.9.3/../../../../arm-none-eabi/lib/armv7-m\libg.a(lib_a-strcasecmp.o)
 .debug_frame   0x00000cfc       0x34 c:/chibistudio/tools/gnu tools arm embedded/4.9 2015q3/bin/../lib/gcc/arm-none-eabi/4.9.3/../../../../arm-none-eabi/lib/armv7-m\libg.a(lib_a-strpbrk.o)
 .debug_frame   0x00000d30       0x34 c:/chibistudio/tools/gnu tools arm embedded/4.9 2015q3/bin/../lib/gcc/arm-none-eabi/4.9.3/../../../../arm-none-eabi/lib/armv7-m\libg.a(lib_a-strspn.o)

Cross Reference Table

Symbol                                            File
BusFault_Handler                                  C:\Users\ajink\AppData\Local\Temp\cc6TAYIe.ltrans0.ltrans.o
                                                  build/obj/vectors.o (symbol from plugin)
                                                  C:\Users\ajink\AppData\Local\Temp\cc6TAYIe.ltrans3.ltrans.o
DebugMon_Handler                                  C:\Users\ajink\AppData\Local\Temp\cc6TAYIe.ltrans0.ltrans.o
                                                  build/obj/vectors.o (symbol from plugin)
                                                  C:\Users\ajink\AppData\Local\Temp\cc6TAYIe.ltrans3.ltrans.o
HardFault_Handler                                 C:\Users\ajink\AppData\Local\Temp\cc6TAYIe.ltrans0.ltrans.o
                                                  build/obj/vectors.o (symbol from plugin)
                                                  C:\Users\ajink\AppData\Local\Temp\cc6TAYIe.ltrans3.ltrans.o
MemManage_Handler                                 C:\Users\ajink\AppData\Local\Temp\cc6TAYIe.ltrans0.ltrans.o
                                                  build/obj/vectors.o (symbol from plugin)
                                                  C:\Users\ajink\AppData\Local\Temp\cc6TAYIe.ltrans3.ltrans.o
NMI_Handler                                       C:\Users\ajink\AppData\Local\Temp\cc6TAYIe.ltrans0.ltrans.o
                                                  build/obj/vectors.o (symbol from plugin)
                                                  C:\Users\ajink\AppData\Local\Temp\cc6TAYIe.ltrans3.ltrans.o
PendSV_Handler                                    C:\Users\ajink\AppData\Local\Temp\cc6TAYIe.ltrans0.ltrans.o
                                                  build/obj/vectors.o (symbol from plugin)
                                                  C:\Users\ajink\AppData\Local\Temp\cc6TAYIe.ltrans3.ltrans.o
QEID4                                             build/obj/hal_qei_lld.o (symbol from plugin)
                                                  build/obj/main.o (symbol from plugin)
                                                  build/obj/rotary.o (symbol from plugin)
Reset_Handler                                     build/obj/crt0_v7m.o
                                                  C:\Users\ajink\AppData\Local\Temp\cc6TAYIe.ltrans3.ltrans.o
SDU1                                              C:\Users\ajink\AppData\Local\Temp\cc6TAYIe.ltrans4.ltrans.o
                                                  build/obj/main.o (symbol from plugin)
                                                  C:\Users\ajink\AppData\Local\Temp\cc6TAYIe.ltrans2.ltrans.o
                                                  C:\Users\ajink\AppData\Local\Temp\cc6TAYIe.ltrans1.ltrans.o
                                                  build/obj/usbcfg.o (symbol from plugin)
                                                  build/obj/rfhelp.o (symbol from plugin)
SPID1                                             C:\Users\ajink\AppData\Local\Temp\cc6TAYIe.ltrans4.ltrans.o
                                                  build/obj/spi_lld.o (symbol from plugin)
                                                  C:\Users\ajink\AppData\Local\Temp\cc6TAYIe.ltrans2.ltrans.o
                                                  C:\Users\ajink\AppData\Local\Temp\cc6TAYIe.ltrans1.ltrans.o
                                                  build/obj/rf.o (symbol from plugin)
                                                  build/obj/spi_sw.o (symbol from plugin)
SVC_Handler                                       C:\Users\ajink\AppData\Local\Temp\cc6TAYIe.ltrans0.ltrans.o
                                                  build/obj/chcore_v7m.o (symbol from plugin)
                                                  build/obj/vectors.o (symbol from plugin)
                                                  C:\Users\ajink\AppData\Local\Temp\cc6TAYIe.ltrans3.ltrans.o
SysTick_Handler                                   C:\Users\ajink\AppData\Local\Temp\cc6TAYIe.ltrans0.ltrans.o
                                                  build/obj/vectors.o (symbol from plugin)
                                                  C:\Users\ajink\AppData\Local\Temp\cc6TAYIe.ltrans3.ltrans.o
SystemCoreClock                                   build/obj/hal_lld.o (symbol from plugin)
USBD1                                             C:\Users\ajink\AppData\Local\Temp\cc6TAYIe.ltrans2.ltrans.o
                                                  build/obj/usb_lld.o (symbol from plugin)
                                                  C:\Users\ajink\AppData\Local\Temp\cc6TAYIe.ltrans3.ltrans.o
                                                  build/obj/usbcfg.o (symbol from plugin)
UsageFault_Handler                                C:\Users\ajink\AppData\Local\Temp\cc6TAYIe.ltrans0.ltrans.o
                                                  build/obj/vectors.o (symbol from plugin)
                                                  C:\Users\ajink\AppData\Local\Temp\cc6TAYIe.ltrans3.ltrans.o
Vector100                                         C:\Users\ajink\AppData\Local\Temp\cc6TAYIe.ltrans0.ltrans.o
                                                  build/obj/vectors.o (symbol from plugin)
                                                  C:\Users\ajink\AppData\Local\Temp\cc6TAYIe.ltrans3.ltrans.o
Vector104                                         C:\Users\ajink\AppData\Local\Temp\cc6TAYIe.ltrans0.ltrans.o
                                                  build/obj/vectors.o (symbol from plugin)
                                                  C:\Users\ajink\AppData\Local\Temp\cc6TAYIe.ltrans3.ltrans.o
Vector108                                         C:\Users\ajink\AppData\Local\Temp\cc6TAYIe.ltrans0.ltrans.o
                                                  build/obj/vectors.o (symbol from plugin)
                                                  C:\Users\ajink\AppData\Local\Temp\cc6TAYIe.ltrans3.ltrans.o
Vector10C                                         C:\Users\ajink\AppData\Local\Temp\cc6TAYIe.ltrans0.ltrans.o
                                                  build/obj/vectors.o (symbol from plugin)
                                                  C:\Users\ajink\AppData\Local\Temp\cc6TAYIe.ltrans3.ltrans.o
Vector110                                         C:\Users\ajink\AppData\Local\Temp\cc6TAYIe.ltrans0.ltrans.o
                                                  build/obj/vectors.o (symbol from plugin)
                                                  C:\Users\ajink\AppData\Local\Temp\cc6TAYIe.ltrans3.ltrans.o
Vector114                                         C:\Users\ajink\AppData\Local\Temp\cc6TAYIe.ltrans0.ltrans.o
                                                  build/obj/vectors.o (symbol from plugin)
                                                  C:\Users\ajink\AppData\Local\Temp\cc6TAYIe.ltrans3.ltrans.o
Vector118                                         C:\Users\ajink\AppData\Local\Temp\cc6TAYIe.ltrans0.ltrans.o
                                                  build/obj/vectors.o (symbol from plugin)
                                                  C:\Users\ajink\AppData\Local\Temp\cc6TAYIe.ltrans3.ltrans.o
Vector11C                                         C:\Users\ajink\AppData\Local\Temp\cc6TAYIe.ltrans0.ltrans.o
                                                  build/obj/vectors.o (symbol from plugin)
                                                  C:\Users\ajink\AppData\Local\Temp\cc6TAYIe.ltrans3.ltrans.o
Vector120                                         C:\Users\ajink\AppData\Local\Temp\cc6TAYIe.ltrans0.ltrans.o
                                                  build/obj/vectors.o (symbol from plugin)
                                                  C:\Users\ajink\AppData\Local\Temp\cc6TAYIe.ltrans3.ltrans.o
Vector124                                         C:\Users\ajink\AppData\Local\Temp\cc6TAYIe.ltrans0.ltrans.o
                                                  build/obj/vectors.o (symbol from plugin)
                                                  C:\Users\ajink\AppData\Local\Temp\cc6TAYIe.ltrans3.ltrans.o
Vector128                                         C:\Users\ajink\AppData\Local\Temp\cc6TAYIe.ltrans0.ltrans.o
                                                  build/obj/vectors.o (symbol from plugin)
                                                  C:\Users\ajink\AppData\Local\Temp\cc6TAYIe.ltrans3.ltrans.o
Vector12C                                         C:\Users\ajink\AppData\Local\Temp\cc6TAYIe.ltrans0.ltrans.o
                                                  build/obj/vectors.o (symbol from plugin)
                                                  C:\Users\ajink\AppData\Local\Temp\cc6TAYIe.ltrans3.ltrans.o
Vector130                                         C:\Users\ajink\AppData\Local\Temp\cc6TAYIe.ltrans0.ltrans.o
                                                  build/obj/vectors.o (symbol from plugin)
                                                  C:\Users\ajink\AppData\Local\Temp\cc6TAYIe.ltrans3.ltrans.o
Vector134                                         C:\Users\ajink\AppData\Local\Temp\cc6TAYIe.ltrans0.ltrans.o
                                                  build/obj/vectors.o (symbol from plugin)
                                                  C:\Users\ajink\AppData\Local\Temp\cc6TAYIe.ltrans3.ltrans.o
Vector138                                         C:\Users\ajink\AppData\Local\Temp\cc6TAYIe.ltrans0.ltrans.o
                                                  build/obj/vectors.o (symbol from plugin)
                                                  C:\Users\ajink\AppData\Local\Temp\cc6TAYIe.ltrans3.ltrans.o
Vector13C                                         C:\Users\ajink\AppData\Local\Temp\cc6TAYIe.ltrans0.ltrans.o
                                                  build/obj/vectors.o (symbol from plugin)
                                                  C:\Users\ajink\AppData\Local\Temp\cc6TAYIe.ltrans3.ltrans.o
Vector1C                                          C:\Users\ajink\AppData\Local\Temp\cc6TAYIe.ltrans0.ltrans.o
                                                  build/obj/vectors.o (symbol from plugin)
                                                  C:\Users\ajink\AppData\Local\Temp\cc6TAYIe.ltrans3.ltrans.o
Vector20                                          C:\Users\ajink\AppData\Local\Temp\cc6TAYIe.ltrans0.ltrans.o
                                                  build/obj/vectors.o (symbol from plugin)
                                                  C:\Users\ajink\AppData\Local\Temp\cc6TAYIe.ltrans3.ltrans.o
Vector24                                          C:\Users\ajink\AppData\Local\Temp\cc6TAYIe.ltrans0.ltrans.o
                                                  build/obj/vectors.o (symbol from plugin)
                                                  C:\Users\ajink\AppData\Local\Temp\cc6TAYIe.ltrans3.ltrans.o
Vector28                                          C:\Users\ajink\AppData\Local\Temp\cc6TAYIe.ltrans0.ltrans.o
                                                  build/obj/vectors.o (symbol from plugin)
                                                  C:\Users\ajink\AppData\Local\Temp\cc6TAYIe.ltrans3.ltrans.o
Vector34                                          C:\Users\ajink\AppData\Local\Temp\cc6TAYIe.ltrans0.ltrans.o
                                                  build/obj/vectors.o (symbol from plugin)
                                                  C:\Users\ajink\AppData\Local\Temp\cc6TAYIe.ltrans3.ltrans.o
Vector40                                          C:\Users\ajink\AppData\Local\Temp\cc6TAYIe.ltrans0.ltrans.o
                                                  build/obj/vectors.o (symbol from plugin)
                                                  C:\Users\ajink\AppData\Local\Temp\cc6TAYIe.ltrans3.ltrans.o
Vector44                                          C:\Users\ajink\AppData\Local\Temp\cc6TAYIe.ltrans0.ltrans.o
                                                  build/obj/vectors.o (symbol from plugin)
                                                  C:\Users\ajink\AppData\Local\Temp\cc6TAYIe.ltrans3.ltrans.o
Vector48                                          C:\Users\ajink\AppData\Local\Temp\cc6TAYIe.ltrans0.ltrans.o
                                                  build/obj/vectors.o (symbol from plugin)
                                                  C:\Users\ajink\AppData\Local\Temp\cc6TAYIe.ltrans3.ltrans.o
Vector4C                                          C:\Users\ajink\AppData\Local\Temp\cc6TAYIe.ltrans0.ltrans.o
                                                  build/obj/vectors.o (symbol from plugin)
                                                  C:\Users\ajink\AppData\Local\Temp\cc6TAYIe.ltrans3.ltrans.o
Vector50                                          C:\Users\ajink\AppData\Local\Temp\cc6TAYIe.ltrans0.ltrans.o
                                                  build/obj/vectors.o (symbol from plugin)
                                                  C:\Users\ajink\AppData\Local\Temp\cc6TAYIe.ltrans3.ltrans.o
Vector54                                          C:\Users\ajink\AppData\Local\Temp\cc6TAYIe.ltrans0.ltrans.o
                                                  build/obj/vectors.o (symbol from plugin)
                                                  C:\Users\ajink\AppData\Local\Temp\cc6TAYIe.ltrans3.ltrans.o
Vector58                                          C:\Users\ajink\AppData\Local\Temp\cc6TAYIe.ltrans0.ltrans.o
                                                  build/obj/vectors.o (symbol from plugin)
                                                  C:\Users\ajink\AppData\Local\Temp\cc6TAYIe.ltrans3.ltrans.o
Vector5C                                          C:\Users\ajink\AppData\Local\Temp\cc6TAYIe.ltrans0.ltrans.o
                                                  build/obj/vectors.o (symbol from plugin)
                                                  C:\Users\ajink\AppData\Local\Temp\cc6TAYIe.ltrans3.ltrans.o
Vector60                                          C:\Users\ajink\AppData\Local\Temp\cc6TAYIe.ltrans0.ltrans.o
                                                  build/obj/vectors.o (symbol from plugin)
                                                  C:\Users\ajink\AppData\Local\Temp\cc6TAYIe.ltrans3.ltrans.o
Vector64                                          C:\Users\ajink\AppData\Local\Temp\cc6TAYIe.ltrans0.ltrans.o
                                                  build/obj/vectors.o (symbol from plugin)
                                                  C:\Users\ajink\AppData\Local\Temp\cc6TAYIe.ltrans3.ltrans.o
Vector68                                          C:\Users\ajink\AppData\Local\Temp\cc6TAYIe.ltrans0.ltrans.o
                                                  build/obj/vectors.o (symbol from plugin)
                                                  C:\Users\ajink\AppData\Local\Temp\cc6TAYIe.ltrans3.ltrans.o
Vector6C                                          build/obj/stm32_dma.o (symbol from plugin)
                                                  build/obj/vectors.o (symbol from plugin)
Vector70                                          build/obj/stm32_dma.o (symbol from plugin)
                                                  build/obj/vectors.o (symbol from plugin)
Vector74                                          build/obj/stm32_dma.o (symbol from plugin)
                                                  build/obj/vectors.o (symbol from plugin)
Vector78                                          build/obj/stm32_dma.o (symbol from plugin)
                                                  build/obj/vectors.o (symbol from plugin)
Vector7C                                          build/obj/stm32_dma.o (symbol from plugin)
                                                  build/obj/vectors.o (symbol from plugin)
Vector80                                          build/obj/stm32_dma.o (symbol from plugin)
                                                  build/obj/vectors.o (symbol from plugin)
Vector84                                          build/obj/stm32_dma.o (symbol from plugin)
                                                  build/obj/vectors.o (symbol from plugin)
Vector88                                          C:\Users\ajink\AppData\Local\Temp\cc6TAYIe.ltrans0.ltrans.o
                                                  build/obj/vectors.o (symbol from plugin)
                                                  C:\Users\ajink\AppData\Local\Temp\cc6TAYIe.ltrans3.ltrans.o
Vector8C                                          build/obj/usb_lld.o (symbol from plugin)
                                                  build/obj/vectors.o (symbol from plugin)
Vector90                                          build/obj/usb_lld.o (symbol from plugin)
                                                  build/obj/vectors.o (symbol from plugin)
Vector94                                          C:\Users\ajink\AppData\Local\Temp\cc6TAYIe.ltrans0.ltrans.o
                                                  build/obj/vectors.o (symbol from plugin)
                                                  C:\Users\ajink\AppData\Local\Temp\cc6TAYIe.ltrans3.ltrans.o
Vector98                                          C:\Users\ajink\AppData\Local\Temp\cc6TAYIe.ltrans0.ltrans.o
                                                  build/obj/vectors.o (symbol from plugin)
                                                  C:\Users\ajink\AppData\Local\Temp\cc6TAYIe.ltrans3.ltrans.o
Vector9C                                          C:\Users\ajink\AppData\Local\Temp\cc6TAYIe.ltrans0.ltrans.o
                                                  build/obj/vectors.o (symbol from plugin)
                                                  C:\Users\ajink\AppData\Local\Temp\cc6TAYIe.ltrans3.ltrans.o
VectorA0                                          C:\Users\ajink\AppData\Local\Temp\cc6TAYIe.ltrans0.ltrans.o
                                                  build/obj/vectors.o (symbol from plugin)
                                                  C:\Users\ajink\AppData\Local\Temp\cc6TAYIe.ltrans3.ltrans.o
VectorA4                                          C:\Users\ajink\AppData\Local\Temp\cc6TAYIe.ltrans0.ltrans.o
                                                  build/obj/vectors.o (symbol from plugin)
                                                  C:\Users\ajink\AppData\Local\Temp\cc6TAYIe.ltrans3.ltrans.o
VectorA8                                          C:\Users\ajink\AppData\Local\Temp\cc6TAYIe.ltrans0.ltrans.o
                                                  build/obj/vectors.o (symbol from plugin)
                                                  C:\Users\ajink\AppData\Local\Temp\cc6TAYIe.ltrans3.ltrans.o
VectorAC                                          C:\Users\ajink\AppData\Local\Temp\cc6TAYIe.ltrans0.ltrans.o
                                                  build/obj/vectors.o (symbol from plugin)
                                                  C:\Users\ajink\AppData\Local\Temp\cc6TAYIe.ltrans3.ltrans.o
VectorB0                                          build/obj/st_lld.o (symbol from plugin)
                                                  build/obj/vectors.o (symbol from plugin)
VectorB4                                          C:\Users\ajink\AppData\Local\Temp\cc6TAYIe.ltrans0.ltrans.o
                                                  build/obj/vectors.o (symbol from plugin)
                                                  C:\Users\ajink\AppData\Local\Temp\cc6TAYIe.ltrans3.ltrans.o
VectorB8                                          C:\Users\ajink\AppData\Local\Temp\cc6TAYIe.ltrans0.ltrans.o
                                                  build/obj/vectors.o (symbol from plugin)
                                                  C:\Users\ajink\AppData\Local\Temp\cc6TAYIe.ltrans3.ltrans.o
VectorBC                                          C:\Users\ajink\AppData\Local\Temp\cc6TAYIe.ltrans0.ltrans.o
                                                  build/obj/vectors.o (symbol from plugin)
                                                  C:\Users\ajink\AppData\Local\Temp\cc6TAYIe.ltrans3.ltrans.o
VectorC0                                          C:\Users\ajink\AppData\Local\Temp\cc6TAYIe.ltrans0.ltrans.o
                                                  build/obj/vectors.o (symbol from plugin)
                                                  C:\Users\ajink\AppData\Local\Temp\cc6TAYIe.ltrans3.ltrans.o
VectorC4                                          C:\Users\ajink\AppData\Local\Temp\cc6TAYIe.ltrans0.ltrans.o
                                                  build/obj/vectors.o (symbol from plugin)
                                                  C:\Users\ajink\AppData\Local\Temp\cc6TAYIe.ltrans3.ltrans.o
VectorC8                                          C:\Users\ajink\AppData\Local\Temp\cc6TAYIe.ltrans0.ltrans.o
                                                  build/obj/vectors.o (symbol from plugin)
                                                  C:\Users\ajink\AppData\Local\Temp\cc6TAYIe.ltrans3.ltrans.o
VectorCC                                          C:\Users\ajink\AppData\Local\Temp\cc6TAYIe.ltrans0.ltrans.o
                                                  build/obj/vectors.o (symbol from plugin)
                                                  C:\Users\ajink\AppData\Local\Temp\cc6TAYIe.ltrans3.ltrans.o
VectorD0                                          C:\Users\ajink\AppData\Local\Temp\cc6TAYIe.ltrans0.ltrans.o
                                                  build/obj/vectors.o (symbol from plugin)
                                                  C:\Users\ajink\AppData\Local\Temp\cc6TAYIe.ltrans3.ltrans.o
VectorD4                                          C:\Users\ajink\AppData\Local\Temp\cc6TAYIe.ltrans0.ltrans.o
                                                  build/obj/vectors.o (symbol from plugin)
                                                  C:\Users\ajink\AppData\Local\Temp\cc6TAYIe.ltrans3.ltrans.o
VectorD8                                          C:\Users\ajink\AppData\Local\Temp\cc6TAYIe.ltrans0.ltrans.o
                                                  build/obj/vectors.o (symbol from plugin)
                                                  C:\Users\ajink\AppData\Local\Temp\cc6TAYIe.ltrans3.ltrans.o
VectorDC                                          C:\Users\ajink\AppData\Local\Temp\cc6TAYIe.ltrans0.ltrans.o
                                                  build/obj/vectors.o (symbol from plugin)
                                                  C:\Users\ajink\AppData\Local\Temp\cc6TAYIe.ltrans3.ltrans.o
VectorE0                                          C:\Users\ajink\AppData\Local\Temp\cc6TAYIe.ltrans0.ltrans.o
                                                  build/obj/vectors.o (symbol from plugin)
                                                  C:\Users\ajink\AppData\Local\Temp\cc6TAYIe.ltrans3.ltrans.o
VectorE4                                          C:\Users\ajink\AppData\Local\Temp\cc6TAYIe.ltrans0.ltrans.o
                                                  build/obj/vectors.o (symbol from plugin)
                                                  C:\Users\ajink\AppData\Local\Temp\cc6TAYIe.ltrans3.ltrans.o
VectorE8                                          C:\Users\ajink\AppData\Local\Temp\cc6TAYIe.ltrans0.ltrans.o
                                                  build/obj/vectors.o (symbol from plugin)
                                                  C:\Users\ajink\AppData\Local\Temp\cc6TAYIe.ltrans3.ltrans.o
VectorEC                                          C:\Users\ajink\AppData\Local\Temp\cc6TAYIe.ltrans0.ltrans.o
                                                  build/obj/vectors.o (symbol from plugin)
                                                  C:\Users\ajink\AppData\Local\Temp\cc6TAYIe.ltrans3.ltrans.o
VectorF0                                          C:\Users\ajink\AppData\Local\Temp\cc6TAYIe.ltrans0.ltrans.o
                                                  build/obj/vectors.o (symbol from plugin)
                                                  C:\Users\ajink\AppData\Local\Temp\cc6TAYIe.ltrans3.ltrans.o
VectorF4                                          C:\Users\ajink\AppData\Local\Temp\cc6TAYIe.ltrans0.ltrans.o
                                                  build/obj/vectors.o (symbol from plugin)
                                                  C:\Users\ajink\AppData\Local\Temp\cc6TAYIe.ltrans3.ltrans.o
VectorF8                                          C:\Users\ajink\AppData\Local\Temp\cc6TAYIe.ltrans0.ltrans.o
                                                  build/obj/vectors.o (symbol from plugin)
                                                  C:\Users\ajink\AppData\Local\Temp\cc6TAYIe.ltrans3.ltrans.o
VectorFC                                          C:\Users\ajink\AppData\Local\Temp\cc6TAYIe.ltrans0.ltrans.o
                                                  build/obj/vectors.o (symbol from plugin)
                                                  C:\Users\ajink\AppData\Local\Temp\cc6TAYIe.ltrans3.ltrans.o
__core_init                                       C:\Users\ajink\AppData\Local\Temp\cc6TAYIe.ltrans0.ltrans.o
                                                  build/obj/crt1.o (symbol from plugin)
                                                  build/obj/crt0_v7m.o
__ctype_ptr__                                     c:/chibistudio/tools/gnu tools arm embedded/4.9 2015q3/bin/../lib/gcc/arm-none-eabi/4.9.3/../../../../arm-none-eabi/lib/armv7-m\libg.a(lib_a-ctype_.o)
                                                  c:/chibistudio/tools/gnu tools arm embedded/4.9 2015q3/bin/../lib/gcc/arm-none-eabi/4.9.3/../../../../arm-none-eabi/lib/armv7-m\libg.a(lib_a-strcasecmp.o)
__default_exit                                    C:\Users\ajink\AppData\Local\Temp\cc6TAYIe.ltrans0.ltrans.o
                                                  build/obj/crt1.o (symbol from plugin)
                                                  build/obj/crt0_v7m.o
__early_init                                      C:\Users\ajink\AppData\Local\Temp\cc6TAYIe.ltrans3.ltrans.o
                                                  build/obj/board.o (symbol from plugin)
                                                  build/obj/crt1.o (symbol from plugin)
                                                  build/obj/crt0_v7m.o
__fini_array_end                                  build/obj/crt0_v7m.o
__fini_array_start                                build/obj/crt0_v7m.o
__heap_base__                                     C:\Users\ajink\AppData\Local\Temp\cc6TAYIe.ltrans2.ltrans.o
                                                  build/obj/chmemcore.o (symbol from plugin)
__heap_end__                                      C:\Users\ajink\AppData\Local\Temp\cc6TAYIe.ltrans2.ltrans.o
                                                  build/obj/chmemcore.o (symbol from plugin)
__init_array_end                                  build/obj/crt0_v7m.o
__init_array_start                                build/obj/crt0_v7m.o
__late_init                                       C:\Users\ajink\AppData\Local\Temp\cc6TAYIe.ltrans0.ltrans.o
                                                  build/obj/crt1.o (symbol from plugin)
                                                  build/obj/crt0_v7m.o
__main_stack_base__                               build/obj/crt0_v7m.o
__main_stack_end__                                C:\Users\ajink\AppData\Local\Temp\cc6TAYIe.ltrans3.ltrans.o
                                                  build/obj/vectors.o (symbol from plugin)
                                                  build/obj/crt0_v7m.o
__process_stack_base__                            build/obj/crt0_v7m.o
__process_stack_end__                             build/obj/crt0_v7m.o
_bss_end                                          build/obj/crt0_v7m.o
_bss_start                                        build/obj/crt0_v7m.o
_core_init                                        build/obj/chmemcore.o (symbol from plugin)
                                                  build/obj/chsys.o (symbol from plugin)
_ctype_                                           c:/chibistudio/tools/gnu tools arm embedded/4.9 2015q3/bin/../lib/gcc/arm-none-eabi/4.9.3/../../../../arm-none-eabi/lib/armv7-m\libg.a(lib_a-ctype_.o)
_data                                             build/obj/crt0_v7m.o
_edata                                            build/obj/crt0_v7m.o
_heap_init                                        build/obj/chheap.o (symbol from plugin)
                                                  build/obj/chsys.o (symbol from plugin)
_idle_thread.lto_priv.59                          C:\Users\ajink\AppData\Local\Temp\cc6TAYIe.ltrans0.ltrans.o
                                                  C:\Users\ajink\AppData\Local\Temp\cc6TAYIe.ltrans2.ltrans.o
_pal_lld_init                                     build/obj/pal_lld.o (symbol from plugin)
                                                  build/obj/hal.o (symbol from plugin)
_pal_lld_setgroupmode                             C:\Users\ajink\AppData\Local\Temp\cc6TAYIe.ltrans3.ltrans.o
                                                  build/obj/pal_lld.o (symbol from plugin)
                                                  C:\Users\ajink\AppData\Local\Temp\cc6TAYIe.ltrans2.ltrans.o
                                                  C:\Users\ajink\AppData\Local\Temp\cc6TAYIe.ltrans1.ltrans.o
                                                  build/obj/rotary.o (symbol from plugin)
                                                  build/obj/lcd_2x16.o (symbol from plugin)
                                                  build/obj/spi_sw.o (symbol from plugin)
                                                  build/obj/pal.o (symbol from plugin)
_port_exit_from_isr                               build/obj/chcoreasm_v7m.o
                                                  C:\Users\ajink\AppData\Local\Temp\cc6TAYIe.ltrans0.ltrans.o
                                                  build/obj/chcore_v7m.o (symbol from plugin)
_port_irq_epilogue                                C:\Users\ajink\AppData\Local\Temp\cc6TAYIe.ltrans0.ltrans.o
                                                  build/obj/chcore_v7m.o (symbol from plugin)
                                                  C:\Users\ajink\AppData\Local\Temp\cc6TAYIe.ltrans3.ltrans.o
                                                  build/obj/usb_lld.o (symbol from plugin)
                                                  build/obj/st_lld.o (symbol from plugin)
                                                  build/obj/stm32_dma.o (symbol from plugin)
_port_switch                                      build/obj/chcoreasm_v7m.o
                                                  C:\Users\ajink\AppData\Local\Temp\cc6TAYIe.ltrans4.ltrans.o
                                                  C:\Users\ajink\AppData\Local\Temp\cc6TAYIe.ltrans0.ltrans.o
                                                  build/obj/chschd.o (symbol from plugin)
_port_switch_from_isr                             build/obj/chcoreasm_v7m.o
                                                  C:\Users\ajink\AppData\Local\Temp\cc6TAYIe.ltrans0.ltrans.o
                                                  build/obj/chcore_v7m.o (symbol from plugin)
_port_thread_start                                build/obj/chcoreasm_v7m.o
                                                  C:\Users\ajink\AppData\Local\Temp\cc6TAYIe.ltrans4.ltrans.o
                                                  C:\Users\ajink\AppData\Local\Temp\cc6TAYIe.ltrans2.ltrans.o
                                                  build/obj/chthreads.o (symbol from plugin)
_scheduler_init                                   build/obj/chschd.o (symbol from plugin)
                                                  build/obj/chsys.o (symbol from plugin)
_stm32_dma_streams                                build/obj/stm32_dma.o (symbol from plugin)
                                                  build/obj/spi_lld.o (symbol from plugin)
_strtok.constprop.13                              C:\Users\ajink\AppData\Local\Temp\cc6TAYIe.ltrans4.ltrans.o
                                                  C:\Users\ajink\AppData\Local\Temp\cc6TAYIe.ltrans1.ltrans.o
_textdata                                         build/obj/crt0_v7m.o
_thread_init                                      build/obj/chthreads.o (symbol from plugin)
                                                  build/obj/chsys.o (symbol from plugin)
_tm_init                                          build/obj/chtm.o (symbol from plugin)
                                                  build/obj/chsys.o (symbol from plugin)
_unhandled_exception                              build/obj/vectors.o (symbol from plugin)
_usb_ep0in                                        C:\Users\ajink\AppData\Local\Temp\cc6TAYIe.ltrans0.ltrans.o
                                                  build/obj/usb.o (symbol from plugin)
                                                  C:\Users\ajink\AppData\Local\Temp\cc6TAYIe.ltrans3.ltrans.o
                                                  build/obj/usb_lld.o (symbol from plugin)
_usb_ep0out                                       C:\Users\ajink\AppData\Local\Temp\cc6TAYIe.ltrans0.ltrans.o
                                                  build/obj/usb.o (symbol from plugin)
                                                  C:\Users\ajink\AppData\Local\Temp\cc6TAYIe.ltrans3.ltrans.o
                                                  build/obj/usb_lld.o (symbol from plugin)
_usb_ep0setup                                     C:\Users\ajink\AppData\Local\Temp\cc6TAYIe.ltrans0.ltrans.o
                                                  build/obj/usb.o (symbol from plugin)
                                                  C:\Users\ajink\AppData\Local\Temp\cc6TAYIe.ltrans3.ltrans.o
                                                  build/obj/usb_lld.o (symbol from plugin)
_usb_reset                                        build/obj/usb.o (symbol from plugin)
                                                  build/obj/usb_lld.o (symbol from plugin)
_vectors                                          C:\Users\ajink\AppData\Local\Temp\cc6TAYIe.ltrans3.ltrans.o
                                                  build/obj/vectors.o (symbol from plugin)
_vt_init                                          build/obj/chvt.o (symbol from plugin)
                                                  build/obj/chsys.o (symbol from plugin)
address_length.lto_priv.81                        C:\Users\ajink\AppData\Local\Temp\cc6TAYIe.ltrans2.ltrans.o
                                                  C:\Users\ajink\AppData\Local\Temp\cc6TAYIe.ltrans1.ltrans.o
boardInit                                         build/obj/board.o (symbol from plugin)
                                                  build/obj/hal.o (symbol from plugin)
ch                                                C:\Users\ajink\AppData\Local\Temp\cc6TAYIe.ltrans4.ltrans.o
                                                  build/obj/chschd.o (symbol from plugin)
                                                  C:\Users\ajink\AppData\Local\Temp\cc6TAYIe.ltrans3.ltrans.o
                                                  C:\Users\ajink\AppData\Local\Temp\cc6TAYIe.ltrans2.ltrans.o
                                                  C:\Users\ajink\AppData\Local\Temp\cc6TAYIe.ltrans1.ltrans.o
                                                  C:\Users\ajink\AppData\Local\Temp\cc6TAYIe.ltrans0.ltrans.o
                                                  build/obj/main.o (symbol from plugin)
                                                  build/obj/nrf_driver.o (symbol from plugin)
                                                  build/obj/shell.o (symbol from plugin)
                                                  build/obj/chmsg.o (symbol from plugin)
                                                  build/obj/chevents.o (symbol from plugin)
                                                  build/obj/chcond.o (symbol from plugin)
                                                  build/obj/chmtx.o (symbol from plugin)
                                                  build/obj/chsem.o (symbol from plugin)
                                                  build/obj/chregistry.o (symbol from plugin)
                                                  build/obj/chtm.o (symbol from plugin)
                                                  build/obj/chthreads.o (symbol from plugin)
                                                  build/obj/chvt.o (symbol from plugin)
                                                  build/obj/chsys.o (symbol from plugin)
chCondBroadcast                                   build/obj/chcond.o (symbol from plugin)
chCondBroadcastI                                  build/obj/chcond.o (symbol from plugin)
chCondObjectInit                                  build/obj/chcond.o (symbol from plugin)
chCondSignal                                      build/obj/chcond.o (symbol from plugin)
chCondSignalI                                     build/obj/chcond.o (symbol from plugin)
chCondWait                                        build/obj/chcond.o (symbol from plugin)
chCondWaitS                                       build/obj/chcond.o (symbol from plugin)
chCondWaitTimeout                                 build/obj/chcond.o (symbol from plugin)
chCondWaitTimeoutS                                build/obj/chcond.o (symbol from plugin)
chCoreAlloc                                       C:\Users\ajink\AppData\Local\Temp\cc6TAYIe.ltrans0.ltrans.o
                                                  build/obj/chmemcore.o (symbol from plugin)
                                                  C:\Users\ajink\AppData\Local\Temp\cc6TAYIe.ltrans2.ltrans.o
                                                  build/obj/chheap.o (symbol from plugin)
chCoreAllocI                                      build/obj/chmemcore.o (symbol from plugin)
chCoreGetStatusX                                  build/obj/chmemcore.o (symbol from plugin)
                                                  build/obj/main.o (symbol from plugin)
chEvtAddEvents                                    build/obj/chevents.o (symbol from plugin)
chEvtBroadcastFlags                               build/obj/chevents.o (symbol from plugin)